
SYMBOLS BY NAME

      80            CTL_IRQ_STACK_SIZE  
    2e8e UDATA0     _ARC_bus_helper_task
    30ae UDATA0     _ARC_bus_task       
   1281e CODE       _ARC_setup          
    d0f1 CONST      _ARClib_version     
   155f2 CODE       _ARClib_version_Cmd 
    d104 CONST      _ARClib_vstruct     
   1553c CODE       _ARCsearch_Cmd      
   120d2 CODE       _BUS_I2C_release    
    2eaa UDATA0     _BUS_INT_events     
   12070 CODE       _BUS_OA_check       
   12406 CODE       _BUS_SPI_txrx       
   12000 CODE       _BUS_addr_to_flags  
   136be CODE       _BUS_alarm_ticker_update
   12056 CODE       _BUS_cmd_init       
   14330 CODE       _BUS_cmd_resptostr  
   1216e CODE       _BUS_cmd_tx         
   14184 CODE       _BUS_cmdtostr       
   140b4 CODE       _BUS_error_str      
   11f8a CODE       _BUS_flags_to_addr  
   13652 CODE       _BUS_free_alarm     
   1351c CODE       _BUS_free_buffer    
   11f0e CODE       _BUS_get_OA         
   134f4 CODE       _BUS_get_buffer     
   134ee CODE       _BUS_get_buffer_size
    2eac UDATA0     _BUS_helper_events  
   134e4 CODE       _BUS_init_buffer    
    2eae UDATA0     _BUS_stack          
    40c0 THREAD     _BUS_thread_addr_flags
   1366a CODE       _BUS_timer_timeout_check
    334e UDATA0     _DMA_events         
    c51a ISR        _DMA_int            
   1495c CODE       _ERR_lev_str        
   15096 CODE       _I2C_addr_lookup    
   150de CODE       _I2C_addr_revlookup 
    c790 ISR        _I2C_dat            
    310e UDATA0     _I2C_rx_buf         
    310c UDATA0     _I2C_rx_in          
    310a UDATA0     _I2C_rx_out         
    40ae UDATA0     _I2C_stat           
   1397a CODE       _PMM_setVCore       
   138c0 CODE       _PMM_setVCoreDown   
   137c6 CODE       _PMM_setVCoreUp     
   15c1e CODE       _SD_error_str       
   12752 CODE       _SPI_deactivate     
   1271e CODE       _SPI_master_setup   
   12738 CODE       _SPI_slave_setup    
    30e6 UDATA0     _SUB_events         
    c5e0 ISR        _SYS_NMI            
   15f60 CODE       _UCA2_CheckKey      
   15f44 CODE       _UCA2_Getc          
    c72e ISR        _UCA2_ISR           
    3f5e UDATA0     _UCA2_RxBuf         
    4002 UDATA0     _UCA2_TxBuf         
   15f08 CODE       _UCA2_TxChar        
   15e2c CODE       _UCA2_init_UART     
    f234 CONST      ___RAL_ascii_ctype_map
   16b04 CODE       ___RAL_ascii_mbtowc 
   16b4a CODE       ___RAL_ascii_wctomb 
    f40e CONST      ___RAL_c_locale     
    f30c CONST      ___RAL_c_locale_abbrev_day_names
    f380 CONST      ___RAL_c_locale_abbrev_month_names
    f3b1 CONST      ___RAL_c_locale_am_pm_indicator
    f3dc CONST      ___RAL_c_locale_data
    f3b8 CONST      ___RAL_c_locale_date_format
    f3ca CONST      ___RAL_c_locale_date_time_format
    f2d2 CONST      ___RAL_c_locale_day_names
    f329 CONST      ___RAL_c_locale_month_names
    f3c1 CONST      ___RAL_c_locale_time_format
    f2c2 CONST      ___RAL_codeset_ascii
    f3db CONST      ___RAL_data_empty_string
    f3d9 CONST      ___RAL_data_utf8_period
    1c24 IDATA0     ___RAL_global_locale
   1675e CODE       ___RAL_global_locale_category
    f20c CONST      ___RAL_hex_lc       
    f1fc CONST      ___RAL_hex_uc       
   16af6 CODE       ___RAL_init_mbstate 
   166c2 CODE       ___RAL_isctype      
   1645c CODE       ___RAL_pow10        
   16638 CODE       ___RAL_pre_padding  
   1661a CODE       ___RAL_print_padding
   11e60 CODE       ___RAL_read_tp      
    1c00            ___RAM_Address      
    8000            ___RAM_Size         
    1c00            ___begin_IDATA0     
    40c0            ___begin_THREAD     
    1c2e            ___begin_UDATA0     
     4c0            ___crt_mpy          
     4d2            ___crt_mpy32h       
     4d0            ___crt_mpy32l       
     4c8            ___crt_op2          
     4e2            ___crt_op2h         
     4e0            ___crt_op2l         
     4e4            ___crt_res0         
     4e6            ___crt_res1         
     4e8            ___crt_res2         
     4ea            ___crt_res3         
     4ca            ___crt_reslo        
   16416 CODE       ___digit            
    1c2e            ___end_IDATA0       
    40c4            ___end_THREAD       
    40c0            ___end_UDATA0       
   16736 CODE       ___errno            
   16dba CODE       ___float32_add      
   16f90 CODE       ___float32_div      
   1706a CODE       ___float32_eq       
   16ba2 CODE       ___float32_isinf    
   16bbc CODE       ___float32_isnan    
   1704e CODE       ___float32_lt       
   16eb8 CODE       ___float32_mul      
    f416 CONST      ___float32_nan      
   16bd4 CODE       ___float32_signbit  
   16eac CODE       ___float32_sub      
   16d08 CODE       ___float32_to_int64 
    f42a CODE       ___getchar          
   1629e CODE       ___int16_div        
   162c4 CODE       ___int16_mod        
   162ea CODE       ___int16_mul        
   1627c CODE       ___int32_mul        
   16300 CODE       ___int64_lsl        
   16312 CODE       ___int64_lsr        
   11572 CODE       ___printf_lock      
   1158e CODE       ___printf_unlock    
   165d0 CODE       ___putc             
    f41a CODE       ___putchar          
   164b2 CODE       ___strtoul          
    c70a ISR        ___thunk_ARClib_version_Cmd
    c706 ISR        ___thunk_ARCsearch_Cmd
    c882 ISR        ___thunk___RAL_ascii_mbtowc
    c886 ISR        ___thunk___RAL_ascii_wctomb
    c000 ISR        ___thunk___putchar  
    c726 ISR        ___thunk_clearErrCmd
    c008 ISR        ___thunk_cmd_read_lux
    c00c ISR        ___thunk_cmd_read_mag
    c004 ISR        ___thunk_cmd_read_temp
    c70e ISR        ___thunk_errReq_Cmd 
    c6ea ISR        ___thunk_err_decode_arcbus
    c6ee ISR        ___thunk_helpCmd    
    c72a ISR        ___thunk_logCmd     
    c712 ISR        ___thunk_priorityCmd
    c722 ISR        ___thunk_replayCmd  
    c6f6 ISR        ___thunk_restCmd    
    c702 ISR        ___thunk_spiCmd     
    c71e ISR        ___thunk_stackCmd   
    c71a ISR        ___thunk_statsCmd   
    c6f2 ISR        ___thunk_terminal   
    c010 ISR        ___thunk_test_spb   
    c6fa ISR        ___thunk_timeCmd    
    c716 ISR        ___thunk_timesliceCmd
    c6fe ISR        ___thunk_txCmd      
   16392 CODE       ___uint16_div       
   163aa CODE       ___uint16_mod       
   163b2 CODE       ___uint64_div       
   163da CODE       ___uint64_divmod    
   16372 CODE       ___uint64_mod       
   16be4 CODE       ___uint64_to_float32
    1c22 IDATA0     ___ungot            
    40be UDATA0     ___user_format_extender
    ff26 CODE       ___vfprintf         
    ff26 CODE       ___vfprintf_float_long_long
   1486e CODE       __record_error      
   16662 CODE       _abs                
    fe7e CODE       _adc_to_long        
   120a6 CODE       _addr_chk           
    39a2 UDATA0     _alarms             
    30e8 UDATA0     _arcBus_stat        
    1c16 IDATA0     _async_addr         
   135be CODE       _async_close_remote 
   13526 CODE       _async_isOpen       
   1352c CODE       _async_open_remote  
    3986 UDATA0     _async_rxQ          
   135ec CODE       _async_send_data    
    1c18 IDATA0     _async_timer        
    3994 UDATA0     _async_txQ          
   16672 CODE       _atoi               
   16698 CODE       _atol               
    3754 UDATA0     _buffer_mutex       
    e4f2 CONST      _busAddrSym         
    c01c ISR        _bus_I2C_isr        
    c458 ISR        _bus_SPI_isr        
   143b6 CODE       _bus_flags_tostr    
    c464 ISR        _bus_int            
    c59a ISR        _bus_resend         
   143d6 CODE       _bus_version_err_tostr
   15b74 CODE       _clearErrCmd        
   14ab0 CODE       _clear_saved_errors 
    1c1a IDATA0     _closed_event       
    1c1c IDATA0     _closed_flag        
    1c12 IDATA0     _cmd_parse_list     
    f4e4 CODE       _cmd_read_lux       
    f588 CODE       _cmd_read_mag       
    f4aa CODE       _cmd_read_temp      
    c8ce CONST      _cmd_tbl            
   126aa CODE       _crc16              
   12678 CODE       _crc7               
    2c7c UDATA0     _crc_mutex          
   1198c CODE       _ctl_byte_queue_init
   11d5a CODE       _ctl_byte_queue_post
   11ad4 CODE       _ctl_byte_queue_post_multi
   11c7a CODE       _ctl_byte_queue_post_multi_nb
   11dae CODE       _ctl_byte_queue_post_nb
   11d88 CODE       _ctl_byte_queue_receive
   11bac CODE       _ctl_byte_queue_receive_multi
   11cea CODE       _ctl_byte_queue_receive_multi_nb
   11dc8 CODE       _ctl_byte_queue_receive_nb
    2bf0 UDATA0     _ctl_current_time   
   11e8a CODE       _ctl_enter_isr      
   115a2 CODE       _ctl_events_init    
   11736 CODE       _ctl_events_set_clear
   115b6 CODE       _ctl_events_wait    
   11ebe CODE       _ctl_exit_isr       
   1155a CODE       _ctl_get_current_time
   11ef6 CODE       _ctl_global_interrupts_set
   139ba CODE       _ctl_handle_error   
   114e0 CODE       _ctl_increment_tick_from_isr
    2bf5 UDATA0     _ctl_interrupt_count
    2bec UDATA0     _ctl_last_schedule_time
    1c06 IDATA0     _ctl_libc_mutex     
   11796 CODE       _ctl_mutex_init     
   117c2 CODE       _ctl_mutex_lock     
   117ae CODE       _ctl_mutex_lock_uc  
   118c6 CODE       _ctl_mutex_unlock   
   11210 CODE       _ctl_private_add_to_task_list
   116b2 CODE       _ctl_private_events_schedule
   11ddc CODE       _ctl_private_get_stack_start
   11de2 CODE       _ctl_private_get_thread_local_storage
   11de8 CODE       _ctl_private_init_registers
   11e4a CODE       _ctl_private_init_thread_local_storage
   1125e CODE       _ctl_private_remove_from_task_list
   11298 CODE       _ctl_private_reschedule
   11e6e CODE       _ctl_private_reschedule_from_api_call
    2bf4 UDATA0     _ctl_reschedule_on_last_isr_exit
   11438 CODE       _ctl_task_die       
    2bf6 UDATA0     _ctl_task_executing 
   11370 CODE       _ctl_task_init      
    2bf8 UDATA0     _ctl_task_list      
   113ac CODE       _ctl_task_run       
   11460 CODE       _ctl_task_set_priority
    2bea UDATA0     _ctl_task_switch_callout
    1c04 IDATA0     _ctl_time_increment 
   1149e CODE       _ctl_timeout_wait   
    1c00 IDATA0     _ctl_timeslice_period
   14d42 CODE       _doCmd              
   15604 CODE       _errReq_Cmd         
   139cc CODE       _err_decode_arcbus  
   1499a CODE       _err_do_decode      
   146e6 CODE       _err_register_handler
   1479e CODE       _error_init         
   14ae2 CODE       _error_log_mem_replay
   14b64 CODE       _error_log_replay   
   147c0 CODE       _error_recording_start
   17352 CODE       _fabsf              
   17110 CODE       _floor              
   17110 CODE       _floorf             
   171e0 CODE       _fmod               
   171e0 CODE       _fmodf              
   17394 CODE       _frexp              
   15116 CODE       _getI2C_addr        
   14868 CODE       _get_error_level    
   126de CODE       _get_ticker_time    
   16740 CODE       _getchar            
   14c90 CODE       _helpCmd            
    2c9a UDATA0     _helper_stack       
   14dd2 CODE       _hist_decr          
   14dc6 CODE       _hist_incr          
   16116 CODE       _i2c_rx             
   15fdc CODE       _i2c_tx             
   16064 CODE       _i2c_txrx           
    30ca UDATA0     _idle_task          
   128b2 CODE       _initARCbus         
   12762 CODE       _initCLK            
   161c8 CODE       _initI2C            
   127c8 CODE       _initSVS            
   127ac CODE       _init_timerA        
   16724 CODE       _iscntrl            
   16704 CODE       _isdigit            
   166f2 CODE       _islower            
   16714 CODE       _isspace            
   166e0 CODE       _isupper            
   17358 CODE       _ldexp              
   15b98 CODE       _logCmd             
    f430 CODE       _main               
   1349a CODE       _mainLoop           
   1448a CODE       _main_return        
   14c26 CODE       _make_args          
   16b72 CODE       _memcpy             
   16b82 CODE       _memset             
    c784 ISR        _mmc_ISR            
   1707a CODE       _modff              
    39c2 UDATA0     _next_idx           
   15a0e CODE       _parse_log_level    
    1c10 IDATA0     _powerState         
   14a22 CODE       _print_error        
   1682e CODE       _printf             
   157c4 CODE       _priorityCmd        
   1686a CODE       _puts               
   129b0 CODE       _readTA1            
    fbec CODE       _read_lux_all       
    fb90 CODE       _read_lux_all_single
    f9ca CODE       _read_lux_als       
    f8b8 CODE       _read_lux_als_single
    fa22 CODE       _read_lux_cs_single 
    fd58 CODE       _read_mag_all       
    fc70 CODE       _read_mag_single    
    f868 CODE       _read_temp_all      
    f7c8 CODE       _read_temp_single   
   14918 CODE       _record_error       
   15ae8 CODE       _replayCmd          
   14a70 CODE       _report_error       
   14458 CODE       _reset_bor          
   151e0 CODE       _restCmd            
    375a UDATA0     _rxbuf              
    39b2 UDATA0     _saved_error        
   1485c CODE       _set_error_level    
    fe5a CODE       _set_gain           
   126f6 CODE       _setget_ticker_time 
    fde4 CODE       _setup_adc          
    f8b0 CODE       _setup_lux          
   1542a CODE       _spiCmd             
   168a4 CODE       _sprintf            
   159c4 CODE       _stackCmd           
   127c0 CODE       _start_timerA       
   1449e CODE       _startup_error_check
   158e0 CODE       _stateName          
   15962 CODE       _statsCmd           
   168d4 CODE       _strcmp             
   168f4 CODE       _strcpy             
   16938 CODE       _strlcpy            
   16b92 CODE       _strlen             
   1690a CODE       _strncmp            
   1697c CODE       _strnlen            
   16996 CODE       _strtol             
   16a42 CODE       _strtoul            
    c560 ISR        _task_tick          
   14dde CODE       _terminal           
    1c2e UDATA0     _terminal_stack     
    2bce UDATA0     _terminal_task      
    f5ce CODE       _test_spb           
    2c82 UDATA0     _ticker_time        
   15296 CODE       _timeCmd            
   15878 CODE       _timesliceCmd       
   152ac CODE       _txCmd              
    3886 UDATA0     _txbuf              
    d142 CONST      thread_init_begin   
    d146 CONST      thread_init_end     


SYMBOLS BY VALUE

      80            CTL_IRQ_STACK_SIZE  
     4c0            ___crt_mpy          
     4c8            ___crt_op2          
     4ca            ___crt_reslo        
     4d0            ___crt_mpy32l       
     4d2            ___crt_mpy32h       
     4e0            ___crt_op2l         
     4e2            ___crt_op2h         
     4e4            ___crt_res0         
     4e6            ___crt_res1         
     4e8            ___crt_res2         
     4ea            ___crt_res3         
    1c00 IDATA0     _ctl_timeslice_period
    1c00            ___RAM_Address      
    1c00            ___begin_IDATA0     
    1c04 IDATA0     _ctl_time_increment 
    1c06 IDATA0     _ctl_libc_mutex     
    1c10 IDATA0     _powerState         
    1c12 IDATA0     _cmd_parse_list     
    1c16 IDATA0     _async_addr         
    1c18 IDATA0     _async_timer        
    1c1a IDATA0     _closed_event       
    1c1c IDATA0     _closed_flag        
    1c22 IDATA0     ___ungot            
    1c24 IDATA0     ___RAL_global_locale
    1c2e UDATA0     _terminal_stack     
    1c2e            ___end_IDATA0       
    1c2e            ___begin_UDATA0     
    2bce UDATA0     _terminal_task      
    2bea UDATA0     _ctl_task_switch_callout
    2bec UDATA0     _ctl_last_schedule_time
    2bf0 UDATA0     _ctl_current_time   
    2bf4 UDATA0     _ctl_reschedule_on_last_isr_exit
    2bf5 UDATA0     _ctl_interrupt_count
    2bf6 UDATA0     _ctl_task_executing 
    2bf8 UDATA0     _ctl_task_list      
    2c7c UDATA0     _crc_mutex          
    2c82 UDATA0     _ticker_time        
    2c9a UDATA0     _helper_stack       
    2e8e UDATA0     _ARC_bus_helper_task
    2eaa UDATA0     _BUS_INT_events     
    2eac UDATA0     _BUS_helper_events  
    2eae UDATA0     _BUS_stack          
    30ae UDATA0     _ARC_bus_task       
    30ca UDATA0     _idle_task          
    30e6 UDATA0     _SUB_events         
    30e8 UDATA0     _arcBus_stat        
    310a UDATA0     _I2C_rx_out         
    310c UDATA0     _I2C_rx_in          
    310e UDATA0     _I2C_rx_buf         
    334e UDATA0     _DMA_events         
    3754 UDATA0     _buffer_mutex       
    375a UDATA0     _rxbuf              
    3886 UDATA0     _txbuf              
    3986 UDATA0     _async_rxQ          
    3994 UDATA0     _async_txQ          
    39a2 UDATA0     _alarms             
    39b2 UDATA0     _saved_error        
    39c2 UDATA0     _next_idx           
    3f5e UDATA0     _UCA2_RxBuf         
    4002 UDATA0     _UCA2_TxBuf         
    40ae UDATA0     _I2C_stat           
    40be UDATA0     ___user_format_extender
    40c0            ___end_UDATA0       
    40c0            ___begin_THREAD     
    40c0 THREAD     _BUS_thread_addr_flags
    40c4            ___end_THREAD       
    8000            ___RAM_Size         
    c000 ISR        ___thunk___putchar  
    c004 ISR        ___thunk_cmd_read_temp
    c008 ISR        ___thunk_cmd_read_lux
    c00c ISR        ___thunk_cmd_read_mag
    c010 ISR        ___thunk_test_spb   
    c01c ISR        _bus_I2C_isr        
    c458 ISR        _bus_SPI_isr        
    c464 ISR        _bus_int            
    c51a ISR        _DMA_int            
    c560 ISR        _task_tick          
    c59a ISR        _bus_resend         
    c5e0 ISR        _SYS_NMI            
    c6ea ISR        ___thunk_err_decode_arcbus
    c6ee ISR        ___thunk_helpCmd    
    c6f2 ISR        ___thunk_terminal   
    c6f6 ISR        ___thunk_restCmd    
    c6fa ISR        ___thunk_timeCmd    
    c6fe ISR        ___thunk_txCmd      
    c702 ISR        ___thunk_spiCmd     
    c706 ISR        ___thunk_ARCsearch_Cmd
    c70a ISR        ___thunk_ARClib_version_Cmd
    c70e ISR        ___thunk_errReq_Cmd 
    c712 ISR        ___thunk_priorityCmd
    c716 ISR        ___thunk_timesliceCmd
    c71a ISR        ___thunk_statsCmd   
    c71e ISR        ___thunk_stackCmd   
    c722 ISR        ___thunk_replayCmd  
    c726 ISR        ___thunk_clearErrCmd
    c72a ISR        ___thunk_logCmd     
    c72e ISR        _UCA2_ISR           
    c784 ISR        _mmc_ISR            
    c790 ISR        _I2C_dat            
    c882 ISR        ___thunk___RAL_ascii_mbtowc
    c886 ISR        ___thunk___RAL_ascii_wctomb
    c8ce CONST      _cmd_tbl            
    d0f1 CONST      _ARClib_version     
    d104 CONST      _ARClib_vstruct     
    d142 CONST      thread_init_begin   
    d146 CONST      thread_init_end     
    e4f2 CONST      _busAddrSym         
    f1fc CONST      ___RAL_hex_uc       
    f20c CONST      ___RAL_hex_lc       
    f234 CONST      ___RAL_ascii_ctype_map
    f2c2 CONST      ___RAL_codeset_ascii
    f2d2 CONST      ___RAL_c_locale_day_names
    f30c CONST      ___RAL_c_locale_abbrev_day_names
    f329 CONST      ___RAL_c_locale_month_names
    f380 CONST      ___RAL_c_locale_abbrev_month_names
    f3b1 CONST      ___RAL_c_locale_am_pm_indicator
    f3b8 CONST      ___RAL_c_locale_date_format
    f3c1 CONST      ___RAL_c_locale_time_format
    f3ca CONST      ___RAL_c_locale_date_time_format
    f3d9 CONST      ___RAL_data_utf8_period
    f3db CONST      ___RAL_data_empty_string
    f3dc CONST      ___RAL_c_locale_data
    f40e CONST      ___RAL_c_locale     
    f416 CONST      ___float32_nan      
    f41a CODE       ___putchar          
    f42a CODE       ___getchar          
    f430 CODE       _main               
    f4aa CODE       _cmd_read_temp      
    f4e4 CODE       _cmd_read_lux       
    f588 CODE       _cmd_read_mag       
    f5ce CODE       _test_spb           
    f7c8 CODE       _read_temp_single   
    f868 CODE       _read_temp_all      
    f8b0 CODE       _setup_lux          
    f8b8 CODE       _read_lux_als_single
    f9ca CODE       _read_lux_als       
    fa22 CODE       _read_lux_cs_single 
    fb90 CODE       _read_lux_all_single
    fbec CODE       _read_lux_all       
    fc70 CODE       _read_mag_single    
    fd58 CODE       _read_mag_all       
    fde4 CODE       _setup_adc          
    fe5a CODE       _set_gain           
    fe7e CODE       _adc_to_long        
    ff26 CODE       ___vfprintf_float_long_long
    ff26 CODE       ___vfprintf         
   11210 CODE       _ctl_private_add_to_task_list
   1125e CODE       _ctl_private_remove_from_task_list
   11298 CODE       _ctl_private_reschedule
   11370 CODE       _ctl_task_init      
   113ac CODE       _ctl_task_run       
   11438 CODE       _ctl_task_die       
   11460 CODE       _ctl_task_set_priority
   1149e CODE       _ctl_timeout_wait   
   114e0 CODE       _ctl_increment_tick_from_isr
   1155a CODE       _ctl_get_current_time
   11572 CODE       ___printf_lock      
   1158e CODE       ___printf_unlock    
   115a2 CODE       _ctl_events_init    
   115b6 CODE       _ctl_events_wait    
   116b2 CODE       _ctl_private_events_schedule
   11736 CODE       _ctl_events_set_clear
   11796 CODE       _ctl_mutex_init     
   117ae CODE       _ctl_mutex_lock_uc  
   117c2 CODE       _ctl_mutex_lock     
   118c6 CODE       _ctl_mutex_unlock   
   1198c CODE       _ctl_byte_queue_init
   11ad4 CODE       _ctl_byte_queue_post_multi
   11bac CODE       _ctl_byte_queue_receive_multi
   11c7a CODE       _ctl_byte_queue_post_multi_nb
   11cea CODE       _ctl_byte_queue_receive_multi_nb
   11d5a CODE       _ctl_byte_queue_post
   11d88 CODE       _ctl_byte_queue_receive
   11dae CODE       _ctl_byte_queue_post_nb
   11dc8 CODE       _ctl_byte_queue_receive_nb
   11ddc CODE       _ctl_private_get_stack_start
   11de2 CODE       _ctl_private_get_thread_local_storage
   11de8 CODE       _ctl_private_init_registers
   11e4a CODE       _ctl_private_init_thread_local_storage
   11e60 CODE       ___RAL_read_tp      
   11e6e CODE       _ctl_private_reschedule_from_api_call
   11e8a CODE       _ctl_enter_isr      
   11ebe CODE       _ctl_exit_isr       
   11ef6 CODE       _ctl_global_interrupts_set
   11f0e CODE       _BUS_get_OA         
   11f8a CODE       _BUS_flags_to_addr  
   12000 CODE       _BUS_addr_to_flags  
   12056 CODE       _BUS_cmd_init       
   12070 CODE       _BUS_OA_check       
   120a6 CODE       _addr_chk           
   120d2 CODE       _BUS_I2C_release    
   1216e CODE       _BUS_cmd_tx         
   12406 CODE       _BUS_SPI_txrx       
   12678 CODE       _crc7               
   126aa CODE       _crc16              
   126de CODE       _get_ticker_time    
   126f6 CODE       _setget_ticker_time 
   1271e CODE       _SPI_master_setup   
   12738 CODE       _SPI_slave_setup    
   12752 CODE       _SPI_deactivate     
   12762 CODE       _initCLK            
   127ac CODE       _init_timerA        
   127c0 CODE       _start_timerA       
   127c8 CODE       _initSVS            
   1281e CODE       _ARC_setup          
   128b2 CODE       _initARCbus         
   129b0 CODE       _readTA1            
   1349a CODE       _mainLoop           
   134e4 CODE       _BUS_init_buffer    
   134ee CODE       _BUS_get_buffer_size
   134f4 CODE       _BUS_get_buffer     
   1351c CODE       _BUS_free_buffer    
   13526 CODE       _async_isOpen       
   1352c CODE       _async_open_remote  
   135be CODE       _async_close_remote 
   135ec CODE       _async_send_data    
   13652 CODE       _BUS_free_alarm     
   1366a CODE       _BUS_timer_timeout_check
   136be CODE       _BUS_alarm_ticker_update
   137c6 CODE       _PMM_setVCoreUp     
   138c0 CODE       _PMM_setVCoreDown   
   1397a CODE       _PMM_setVCore       
   139ba CODE       _ctl_handle_error   
   139cc CODE       _err_decode_arcbus  
   140b4 CODE       _BUS_error_str      
   14184 CODE       _BUS_cmdtostr       
   14330 CODE       _BUS_cmd_resptostr  
   143b6 CODE       _bus_flags_tostr    
   143d6 CODE       _bus_version_err_tostr
   14458 CODE       _reset_bor          
   1448a CODE       _main_return        
   1449e CODE       _startup_error_check
   146e6 CODE       _err_register_handler
   1479e CODE       _error_init         
   147c0 CODE       _error_recording_start
   1485c CODE       _set_error_level    
   14868 CODE       _get_error_level    
   1486e CODE       __record_error      
   14918 CODE       _record_error       
   1495c CODE       _ERR_lev_str        
   1499a CODE       _err_do_decode      
   14a22 CODE       _print_error        
   14a70 CODE       _report_error       
   14ab0 CODE       _clear_saved_errors 
   14ae2 CODE       _error_log_mem_replay
   14b64 CODE       _error_log_replay   
   14c26 CODE       _make_args          
   14c90 CODE       _helpCmd            
   14d42 CODE       _doCmd              
   14dc6 CODE       _hist_incr          
   14dd2 CODE       _hist_decr          
   14dde CODE       _terminal           
   15096 CODE       _I2C_addr_lookup    
   150de CODE       _I2C_addr_revlookup 
   15116 CODE       _getI2C_addr        
   151e0 CODE       _restCmd            
   15296 CODE       _timeCmd            
   152ac CODE       _txCmd              
   1542a CODE       _spiCmd             
   1553c CODE       _ARCsearch_Cmd      
   155f2 CODE       _ARClib_version_Cmd 
   15604 CODE       _errReq_Cmd         
   157c4 CODE       _priorityCmd        
   15878 CODE       _timesliceCmd       
   158e0 CODE       _stateName          
   15962 CODE       _statsCmd           
   159c4 CODE       _stackCmd           
   15a0e CODE       _parse_log_level    
   15ae8 CODE       _replayCmd          
   15b74 CODE       _clearErrCmd        
   15b98 CODE       _logCmd             
   15c1e CODE       _SD_error_str       
   15e2c CODE       _UCA2_init_UART     
   15f08 CODE       _UCA2_TxChar        
   15f44 CODE       _UCA2_Getc          
   15f60 CODE       _UCA2_CheckKey      
   15fdc CODE       _i2c_tx             
   16064 CODE       _i2c_txrx           
   16116 CODE       _i2c_rx             
   161c8 CODE       _initI2C            
   1627c CODE       ___int32_mul        
   1629e CODE       ___int16_div        
   162c4 CODE       ___int16_mod        
   162ea CODE       ___int16_mul        
   16300 CODE       ___int64_lsl        
   16312 CODE       ___int64_lsr        
   16372 CODE       ___uint64_mod       
   16392 CODE       ___uint16_div       
   163aa CODE       ___uint16_mod       
   163b2 CODE       ___uint64_div       
   163da CODE       ___uint64_divmod    
   16416 CODE       ___digit            
   1645c CODE       ___RAL_pow10        
   164b2 CODE       ___strtoul          
   165d0 CODE       ___putc             
   1661a CODE       ___RAL_print_padding
   16638 CODE       ___RAL_pre_padding  
   16662 CODE       _abs                
   16672 CODE       _atoi               
   16698 CODE       _atol               
   166c2 CODE       ___RAL_isctype      
   166e0 CODE       _isupper            
   166f2 CODE       _islower            
   16704 CODE       _isdigit            
   16714 CODE       _isspace            
   16724 CODE       _iscntrl            
   16736 CODE       ___errno            
   16740 CODE       _getchar            
   1675e CODE       ___RAL_global_locale_category
   1682e CODE       _printf             
   1686a CODE       _puts               
   168a4 CODE       _sprintf            
   168d4 CODE       _strcmp             
   168f4 CODE       _strcpy             
   1690a CODE       _strncmp            
   16938 CODE       _strlcpy            
   1697c CODE       _strnlen            
   16996 CODE       _strtol             
   16a42 CODE       _strtoul            
   16af6 CODE       ___RAL_init_mbstate 
   16b04 CODE       ___RAL_ascii_mbtowc 
   16b4a CODE       ___RAL_ascii_wctomb 
   16b72 CODE       _memcpy             
   16b82 CODE       _memset             
   16b92 CODE       _strlen             
   16ba2 CODE       ___float32_isinf    
   16bbc CODE       ___float32_isnan    
   16bd4 CODE       ___float32_signbit  
   16be4 CODE       ___uint64_to_float32
   16d08 CODE       ___float32_to_int64 
   16dba CODE       ___float32_add      
   16eac CODE       ___float32_sub      
   16eb8 CODE       ___float32_mul      
   16f90 CODE       ___float32_div      
   1704e CODE       ___float32_lt       
   1706a CODE       ___float32_eq       
   1707a CODE       _modff              
   17110 CODE       _floor              
   17110 CODE       _floorf             
   171e0 CODE       _fmod               
   171e0 CODE       _fmodf              
   17352 CODE       _fabsf              
   17358 CODE       _ldexp              
   17394 CODE       _frexp              
