
SYMBOLS BY NAME

      80            CTL_IRQ_STACK_SIZE  
    2e92 UDATA0     _ARC_bus_helper_task
    30b2 UDATA0     _ARC_bus_task       
   12a76 CODE       _ARC_setup          
    d175 CONST      _ARClib_version     
   1584a CODE       _ARClib_version_Cmd 
    d188 CONST      _ARClib_vstruct     
   15794 CODE       _ARCsearch_Cmd      
   1232a CODE       _BUS_I2C_release    
    2eae UDATA0     _BUS_INT_events     
   122c8 CODE       _BUS_OA_check       
   1265e CODE       _BUS_SPI_txrx       
   12258 CODE       _BUS_addr_to_flags  
   13916 CODE       _BUS_alarm_ticker_update
   122ae CODE       _BUS_cmd_init       
   14588 CODE       _BUS_cmd_resptostr  
   123c6 CODE       _BUS_cmd_tx         
   143dc CODE       _BUS_cmdtostr       
   1430c CODE       _BUS_error_str      
   121e2 CODE       _BUS_flags_to_addr  
   138aa CODE       _BUS_free_alarm     
   13774 CODE       _BUS_free_buffer    
   12166 CODE       _BUS_get_OA         
   1374c CODE       _BUS_get_buffer     
   13746 CODE       _BUS_get_buffer_size
    2eb0 UDATA0     _BUS_helper_events  
   1373c CODE       _BUS_init_buffer    
    2eb2 UDATA0     _BUS_stack          
    40c4 THREAD     _BUS_thread_addr_flags
   138c2 CODE       _BUS_timer_timeout_check
    3352 UDATA0     _DMA_events         
    c51e ISR        _DMA_int            
   14bb4 CODE       _ERR_lev_str        
   152ee CODE       _I2C_addr_lookup    
   15336 CODE       _I2C_addr_revlookup 
    c794 ISR        _I2C_dat            
    3112 UDATA0     _I2C_rx_buf         
    3110 UDATA0     _I2C_rx_in          
    310e UDATA0     _I2C_rx_out         
    40b2 UDATA0     _I2C_stat           
   13bd2 CODE       _PMM_setVCore       
   13b18 CODE       _PMM_setVCoreDown   
   13a1e CODE       _PMM_setVCoreUp     
   15e76 CODE       _SD_error_str       
   129aa CODE       _SPI_deactivate     
   12976 CODE       _SPI_master_setup   
   12990 CODE       _SPI_slave_setup    
    30ea UDATA0     _SUB_events         
    c5e4 ISR        _SYS_NMI            
   1619c CODE       _UCA2_Getc          
    c732 ISR        _UCA2_ISR           
    3f62 UDATA0     _UCA2_RxBuf         
    4006 UDATA0     _UCA2_TxBuf         
   16160 CODE       _UCA2_TxChar        
   16084 CODE       _UCA2_init_UART     
    f2bc CONST      ___RAL_ascii_ctype_map
   16d40 CODE       ___RAL_ascii_mbtowc 
   16d86 CODE       ___RAL_ascii_wctomb 
    f496 CONST      ___RAL_c_locale     
    f394 CONST      ___RAL_c_locale_abbrev_day_names
    f408 CONST      ___RAL_c_locale_abbrev_month_names
    f439 CONST      ___RAL_c_locale_am_pm_indicator
    f464 CONST      ___RAL_c_locale_data
    f440 CONST      ___RAL_c_locale_date_format
    f452 CONST      ___RAL_c_locale_date_time_format
    f35a CONST      ___RAL_c_locale_day_names
    f3b1 CONST      ___RAL_c_locale_month_names
    f449 CONST      ___RAL_c_locale_time_format
    f34a CONST      ___RAL_codeset_ascii
    f463 CONST      ___RAL_data_empty_string
    f461 CONST      ___RAL_data_utf8_period
    1c28 IDATA0     ___RAL_global_locale
   1699a CODE       ___RAL_global_locale_category
    f294 CONST      ___RAL_hex_lc       
    f284 CONST      ___RAL_hex_uc       
   16d32 CODE       ___RAL_init_mbstate 
   168fe CODE       ___RAL_isctype      
   16698 CODE       ___RAL_pow10        
   16874 CODE       ___RAL_pre_padding  
   16856 CODE       ___RAL_print_padding
   120b8 CODE       ___RAL_read_tp      
    1c00            ___RAM_Address      
    8000            ___RAM_Size         
    1c00            ___begin_IDATA0     
    40c4            ___begin_THREAD     
    1c32            ___begin_UDATA0     
     4c0            ___crt_mpy          
     4d2            ___crt_mpy32h       
     4d0            ___crt_mpy32l       
     4c8            ___crt_op2          
     4e2            ___crt_op2h         
     4e0            ___crt_op2l         
     4e4            ___crt_res0         
     4e6            ___crt_res1         
     4e8            ___crt_res2         
     4ea            ___crt_res3         
     4ca            ___crt_reslo        
   16652 CODE       ___digit            
    1c32            ___end_IDATA0       
    40c8            ___end_THREAD       
    40c4            ___end_UDATA0       
   16972 CODE       ___errno            
   16ff6 CODE       ___float32_add      
   171cc CODE       ___float32_div      
   172a6 CODE       ___float32_eq       
   16dde CODE       ___float32_isinf    
   16df8 CODE       ___float32_isnan    
   1728a CODE       ___float32_lt       
   170f4 CODE       ___float32_mul      
    f49e CONST      ___float32_nan      
   16e10 CODE       ___float32_signbit  
   170e8 CODE       ___float32_sub      
   16f44 CODE       ___float32_to_int64 
    f4b2 CODE       ___getchar          
   164da CODE       ___int16_div        
   16500 CODE       ___int16_mod        
   16526 CODE       ___int16_mul        
   164b8 CODE       ___int32_mul        
   172b6 CODE       ___int32_to_float32 
   1653c CODE       ___int64_lsl        
   1654e CODE       ___int64_lsr        
   117ca CODE       ___printf_lock      
   117e6 CODE       ___printf_unlock    
   1680c CODE       ___putc             
    f4a2 CODE       ___putchar          
   166ee CODE       ___strtoul          
    c70e ISR        ___thunk_ARClib_version_Cmd
    c70a ISR        ___thunk_ARCsearch_Cmd
    c886 ISR        ___thunk___RAL_ascii_mbtowc
    c88a ISR        ___thunk___RAL_ascii_wctomb
    c000 ISR        ___thunk___putchar  
    c72a ISR        ___thunk_clearErrCmd
    c008 ISR        ___thunk_cmd_read_lux
    c00c ISR        ___thunk_cmd_read_mag
    c004 ISR        ___thunk_cmd_read_temp
    c010 ISR        ___thunk_cmd_single_sample
    c712 ISR        ___thunk_errReq_Cmd 
    c6ee ISR        ___thunk_err_decode_arcbus
    c6f2 ISR        ___thunk_helpCmd    
    c72e ISR        ___thunk_logCmd     
    c716 ISR        ___thunk_priorityCmd
    c726 ISR        ___thunk_replayCmd  
    c6fa ISR        ___thunk_restCmd    
    c706 ISR        ___thunk_spiCmd     
    c722 ISR        ___thunk_stackCmd   
    c71e ISR        ___thunk_statsCmd   
    c6f6 ISR        ___thunk_terminal   
    c014 ISR        ___thunk_test_ltc24xx
    c6fe ISR        ___thunk_timeCmd    
    c71a ISR        ___thunk_timesliceCmd
    c702 ISR        ___thunk_txCmd      
   165ce CODE       ___uint16_div       
   165e6 CODE       ___uint16_mod       
   172c6 CODE       ___uint32_to_float32
   172d0 CODE       ___uint32_to_float32_aux
   165ee CODE       ___uint64_div       
   16616 CODE       ___uint64_divmod    
   165ae CODE       ___uint64_mod       
   16e20 CODE       ___uint64_to_float32
    1c26 IDATA0     ___ungot            
    40c2 UDATA0     ___user_format_extender
   1022e CODE       ___vfprintf         
   1022e CODE       ___vfprintf_float_long_long
   14ac6 CODE       __record_error      
   1689e CODE       _abs                
    1c00 IDATA0     _adc_ready_time     
   10186 CODE       _adc_to_long        
   122fe CODE       _addr_chk           
    39a6 UDATA0     _alarms             
    30ec UDATA0     _arcBus_stat        
    1c1a IDATA0     _async_addr         
   13816 CODE       _async_close_remote 
   1377e CODE       _async_isOpen       
   13784 CODE       _async_open_remote  
    398a UDATA0     _async_rxQ          
   13844 CODE       _async_send_data    
    1c1c IDATA0     _async_timer        
    3998 UDATA0     _async_txQ          
   168ae CODE       _atoi               
   168d4 CODE       _atol               
    3758 UDATA0     _buffer_mutex       
    e57a CONST      _busAddrSym         
    c020 ISR        _bus_I2C_isr        
    c45c ISR        _bus_SPI_isr        
   1460e CODE       _bus_flags_tostr    
    c468 ISR        _bus_int            
    c59e ISR        _bus_resend         
   1462e CODE       _bus_version_err_tostr
   15dcc CODE       _clearErrCmd        
   14d08 CODE       _clear_saved_errors 
    1c1e IDATA0     _closed_event       
    1c20 IDATA0     _closed_flag        
    1c16 IDATA0     _cmd_parse_list     
    f56c CODE       _cmd_read_lux       
    f610 CODE       _cmd_read_mag       
    f532 CODE       _cmd_read_temp      
    f636 CODE       _cmd_single_sample  
    c8b6 CONST      _cmd_tbl            
   12902 CODE       _crc16              
   128d0 CODE       _crc7               
    2c80 UDATA0     _crc_mutex          
   11be4 CODE       _ctl_byte_queue_init
   11fb2 CODE       _ctl_byte_queue_post
   11d2c CODE       _ctl_byte_queue_post_multi
   11ed2 CODE       _ctl_byte_queue_post_multi_nb
   12006 CODE       _ctl_byte_queue_post_nb
   11fe0 CODE       _ctl_byte_queue_receive
   11e04 CODE       _ctl_byte_queue_receive_multi
   11f42 CODE       _ctl_byte_queue_receive_multi_nb
   12020 CODE       _ctl_byte_queue_receive_nb
    2bf4 UDATA0     _ctl_current_time   
   120e2 CODE       _ctl_enter_isr      
   117fa CODE       _ctl_events_init    
   1198e CODE       _ctl_events_set_clear
   1180e CODE       _ctl_events_wait    
   12116 CODE       _ctl_exit_isr       
   117b2 CODE       _ctl_get_current_time
   1214e CODE       _ctl_global_interrupts_set
   13c12 CODE       _ctl_handle_error   
   11738 CODE       _ctl_increment_tick_from_isr
    2bf9 UDATA0     _ctl_interrupt_count
    2bf0 UDATA0     _ctl_last_schedule_time
    1c0a IDATA0     _ctl_libc_mutex     
   119ee CODE       _ctl_mutex_init     
   11a1a CODE       _ctl_mutex_lock     
   11a06 CODE       _ctl_mutex_lock_uc  
   11b1e CODE       _ctl_mutex_unlock   
   11468 CODE       _ctl_private_add_to_task_list
   1190a CODE       _ctl_private_events_schedule
   12034 CODE       _ctl_private_get_stack_start
   1203a CODE       _ctl_private_get_thread_local_storage
   12040 CODE       _ctl_private_init_registers
   120a2 CODE       _ctl_private_init_thread_local_storage
   114b6 CODE       _ctl_private_remove_from_task_list
   114f0 CODE       _ctl_private_reschedule
   120c6 CODE       _ctl_private_reschedule_from_api_call
    2bf8 UDATA0     _ctl_reschedule_on_last_isr_exit
   11690 CODE       _ctl_task_die       
    2bfa UDATA0     _ctl_task_executing 
   115c8 CODE       _ctl_task_init      
    2bfc UDATA0     _ctl_task_list      
   11604 CODE       _ctl_task_run       
   116b8 CODE       _ctl_task_set_priority
    2bee UDATA0     _ctl_task_switch_callout
    1c08 IDATA0     _ctl_time_increment 
   116f6 CODE       _ctl_timeout_wait   
    1c04 IDATA0     _ctl_timeslice_period
   14f9a CODE       _doCmd              
   1585c CODE       _errReq_Cmd         
   13c24 CODE       _err_decode_arcbus  
   14bf2 CODE       _err_do_decode      
   1493e CODE       _err_register_handler
   149f6 CODE       _error_init         
   14d3a CODE       _error_log_mem_replay
   14dbc CODE       _error_log_replay   
   14a18 CODE       _error_recording_start
   175e8 CODE       _fabsf              
   173a6 CODE       _floor              
   173a6 CODE       _floorf             
   17476 CODE       _fmod               
   17476 CODE       _fmodf              
   1762a CODE       _frexp              
   1536e CODE       _getI2C_addr        
   14ac0 CODE       _get_error_level    
   12936 CODE       _get_ticker_time    
   1697c CODE       _getchar            
   14ee8 CODE       _helpCmd            
    2c9e UDATA0     _helper_stack       
   1502a CODE       _hist_decr          
   1501e CODE       _hist_incr          
   16352 CODE       _i2c_rx             
   16218 CODE       _i2c_tx             
   162a0 CODE       _i2c_txrx           
    30ce UDATA0     _idle_task          
   12b0a CODE       _initARCbus         
   129ba CODE       _initCLK            
   16404 CODE       _initI2C            
   12a20 CODE       _initSVS            
   12a04 CODE       _init_timerA        
   16960 CODE       _iscntrl            
   16940 CODE       _isdigit            
   1692e CODE       _islower            
   16950 CODE       _isspace            
   1691c CODE       _isupper            
   175ee CODE       _ldexp              
   15df0 CODE       _logCmd             
    f4b8 CODE       _main               
   136f2 CODE       _mainLoop           
   146e2 CODE       _main_return        
   14e7e CODE       _make_args          
   16dae CODE       _memcpy             
   16dbe CODE       _memset             
    c788 ISR        _mmc_ISR            
   17310 CODE       _modff              
    39c6 UDATA0     _next_idx           
   15c66 CODE       _parse_log_level    
    1c14 IDATA0     _powerState         
   14c7a CODE       _print_error        
   16a6a CODE       _printf             
   15a1c CODE       _priorityCmd        
   16aa6 CODE       _puts               
   12c08 CODE       _readTA1            
   1010c CODE       _read_adc           
    fde8 CODE       _read_lux_all       
    fd8c CODE       _read_lux_all_single
    fb0c CODE       _read_lux_als_single
    fc1e CODE       _read_lux_cs_single 
    fa08 CODE       _read_temp          
   14b70 CODE       _record_error       
   15d40 CODE       _replayCmd          
   14cc8 CODE       _report_error       
   146b0 CODE       _reset_bor          
   15438 CODE       _restCmd            
    375e UDATA0     _rxbuf              
    39b6 UDATA0     _saved_error        
   100e8 CODE       _set_all_gain       
   100a4 CODE       _set_channel        
   14ab4 CODE       _set_error_level    
   100c4 CODE       _set_gain           
   1294e CODE       _setget_ticker_time 
   1002e CODE       _setup_adc          
    fb04 CODE       _setup_lux          
    fe6c CODE       _single_sample      
   15682 CODE       _spiCmd             
   16ae0 CODE       _sprintf            
   15c1c CODE       _stackCmd           
   12a18 CODE       _start_timerA       
   146f6 CODE       _startup_error_check
   15b38 CODE       _stateName          
   15bba CODE       _statsCmd           
   16b10 CODE       _strcmp             
   16b30 CODE       _strcpy             
   16b74 CODE       _strlcpy            
   16dce CODE       _strlen             
   16b46 CODE       _strncmp            
   16bb8 CODE       _strnlen            
   16bd2 CODE       _strtol             
   16c7e CODE       _strtoul            
    c564 ISR        _task_tick          
   15036 CODE       _terminal           
    1c32 UDATA0     _terminal_stack     
    2bd2 UDATA0     _terminal_task      
    f67a CODE       _test_ltc24xx       
    2c86 UDATA0     _ticker_time        
   154ee CODE       _timeCmd            
   15ad0 CODE       _timesliceCmd       
   15504 CODE       _txCmd              
    388a UDATA0     _txbuf              
    d1ca CONST      thread_init_begin   
    d1ce CONST      thread_init_end     


SYMBOLS BY VALUE

      80            CTL_IRQ_STACK_SIZE  
     4c0            ___crt_mpy          
     4c8            ___crt_op2          
     4ca            ___crt_reslo        
     4d0            ___crt_mpy32l       
     4d2            ___crt_mpy32h       
     4e0            ___crt_op2l         
     4e2            ___crt_op2h         
     4e4            ___crt_res0         
     4e6            ___crt_res1         
     4e8            ___crt_res2         
     4ea            ___crt_res3         
    1c00            ___begin_IDATA0     
    1c00 IDATA0     _adc_ready_time     
    1c00            ___RAM_Address      
    1c04 IDATA0     _ctl_timeslice_period
    1c08 IDATA0     _ctl_time_increment 
    1c0a IDATA0     _ctl_libc_mutex     
    1c14 IDATA0     _powerState         
    1c16 IDATA0     _cmd_parse_list     
    1c1a IDATA0     _async_addr         
    1c1c IDATA0     _async_timer        
    1c1e IDATA0     _closed_event       
    1c20 IDATA0     _closed_flag        
    1c26 IDATA0     ___ungot            
    1c28 IDATA0     ___RAL_global_locale
    1c32 UDATA0     _terminal_stack     
    1c32            ___begin_UDATA0     
    1c32            ___end_IDATA0       
    2bd2 UDATA0     _terminal_task      
    2bee UDATA0     _ctl_task_switch_callout
    2bf0 UDATA0     _ctl_last_schedule_time
    2bf4 UDATA0     _ctl_current_time   
    2bf8 UDATA0     _ctl_reschedule_on_last_isr_exit
    2bf9 UDATA0     _ctl_interrupt_count
    2bfa UDATA0     _ctl_task_executing 
    2bfc UDATA0     _ctl_task_list      
    2c80 UDATA0     _crc_mutex          
    2c86 UDATA0     _ticker_time        
    2c9e UDATA0     _helper_stack       
    2e92 UDATA0     _ARC_bus_helper_task
    2eae UDATA0     _BUS_INT_events     
    2eb0 UDATA0     _BUS_helper_events  
    2eb2 UDATA0     _BUS_stack          
    30b2 UDATA0     _ARC_bus_task       
    30ce UDATA0     _idle_task          
    30ea UDATA0     _SUB_events         
    30ec UDATA0     _arcBus_stat        
    310e UDATA0     _I2C_rx_out         
    3110 UDATA0     _I2C_rx_in          
    3112 UDATA0     _I2C_rx_buf         
    3352 UDATA0     _DMA_events         
    3758 UDATA0     _buffer_mutex       
    375e UDATA0     _rxbuf              
    388a UDATA0     _txbuf              
    398a UDATA0     _async_rxQ          
    3998 UDATA0     _async_txQ          
    39a6 UDATA0     _alarms             
    39b6 UDATA0     _saved_error        
    39c6 UDATA0     _next_idx           
    3f62 UDATA0     _UCA2_RxBuf         
    4006 UDATA0     _UCA2_TxBuf         
    40b2 UDATA0     _I2C_stat           
    40c2 UDATA0     ___user_format_extender
    40c4            ___end_UDATA0       
    40c4 THREAD     _BUS_thread_addr_flags
    40c4            ___begin_THREAD     
    40c8            ___end_THREAD       
    8000            ___RAM_Size         
    c000 ISR        ___thunk___putchar  
    c004 ISR        ___thunk_cmd_read_temp
    c008 ISR        ___thunk_cmd_read_lux
    c00c ISR        ___thunk_cmd_read_mag
    c010 ISR        ___thunk_cmd_single_sample
    c014 ISR        ___thunk_test_ltc24xx
    c020 ISR        _bus_I2C_isr        
    c45c ISR        _bus_SPI_isr        
    c468 ISR        _bus_int            
    c51e ISR        _DMA_int            
    c564 ISR        _task_tick          
    c59e ISR        _bus_resend         
    c5e4 ISR        _SYS_NMI            
    c6ee ISR        ___thunk_err_decode_arcbus
    c6f2 ISR        ___thunk_helpCmd    
    c6f6 ISR        ___thunk_terminal   
    c6fa ISR        ___thunk_restCmd    
    c6fe ISR        ___thunk_timeCmd    
    c702 ISR        ___thunk_txCmd      
    c706 ISR        ___thunk_spiCmd     
    c70a ISR        ___thunk_ARCsearch_Cmd
    c70e ISR        ___thunk_ARClib_version_Cmd
    c712 ISR        ___thunk_errReq_Cmd 
    c716 ISR        ___thunk_priorityCmd
    c71a ISR        ___thunk_timesliceCmd
    c71e ISR        ___thunk_statsCmd   
    c722 ISR        ___thunk_stackCmd   
    c726 ISR        ___thunk_replayCmd  
    c72a ISR        ___thunk_clearErrCmd
    c72e ISR        ___thunk_logCmd     
    c732 ISR        _UCA2_ISR           
    c788 ISR        _mmc_ISR            
    c794 ISR        _I2C_dat            
    c886 ISR        ___thunk___RAL_ascii_mbtowc
    c88a ISR        ___thunk___RAL_ascii_wctomb
    c8b6 CONST      _cmd_tbl            
    d175 CONST      _ARClib_version     
    d188 CONST      _ARClib_vstruct     
    d1ca CONST      thread_init_begin   
    d1ce CONST      thread_init_end     
    e57a CONST      _busAddrSym         
    f284 CONST      ___RAL_hex_uc       
    f294 CONST      ___RAL_hex_lc       
    f2bc CONST      ___RAL_ascii_ctype_map
    f34a CONST      ___RAL_codeset_ascii
    f35a CONST      ___RAL_c_locale_day_names
    f394 CONST      ___RAL_c_locale_abbrev_day_names
    f3b1 CONST      ___RAL_c_locale_month_names
    f408 CONST      ___RAL_c_locale_abbrev_month_names
    f439 CONST      ___RAL_c_locale_am_pm_indicator
    f440 CONST      ___RAL_c_locale_date_format
    f449 CONST      ___RAL_c_locale_time_format
    f452 CONST      ___RAL_c_locale_date_time_format
    f461 CONST      ___RAL_data_utf8_period
    f463 CONST      ___RAL_data_empty_string
    f464 CONST      ___RAL_c_locale_data
    f496 CONST      ___RAL_c_locale     
    f49e CONST      ___float32_nan      
    f4a2 CODE       ___putchar          
    f4b2 CODE       ___getchar          
    f4b8 CODE       _main               
    f532 CODE       _cmd_read_temp      
    f56c CODE       _cmd_read_lux       
    f610 CODE       _cmd_read_mag       
    f636 CODE       _cmd_single_sample  
    f67a CODE       _test_ltc24xx       
    fa08 CODE       _read_temp          
    fb04 CODE       _setup_lux          
    fb0c CODE       _read_lux_als_single
    fc1e CODE       _read_lux_cs_single 
    fd8c CODE       _read_lux_all_single
    fde8 CODE       _read_lux_all       
    fe6c CODE       _single_sample      
   1002e CODE       _setup_adc          
   100a4 CODE       _set_channel        
   100c4 CODE       _set_gain           
   100e8 CODE       _set_all_gain       
   1010c CODE       _read_adc           
   10186 CODE       _adc_to_long        
   1022e CODE       ___vfprintf         
   1022e CODE       ___vfprintf_float_long_long
   11468 CODE       _ctl_private_add_to_task_list
   114b6 CODE       _ctl_private_remove_from_task_list
   114f0 CODE       _ctl_private_reschedule
   115c8 CODE       _ctl_task_init      
   11604 CODE       _ctl_task_run       
   11690 CODE       _ctl_task_die       
   116b8 CODE       _ctl_task_set_priority
   116f6 CODE       _ctl_timeout_wait   
   11738 CODE       _ctl_increment_tick_from_isr
   117b2 CODE       _ctl_get_current_time
   117ca CODE       ___printf_lock      
   117e6 CODE       ___printf_unlock    
   117fa CODE       _ctl_events_init    
   1180e CODE       _ctl_events_wait    
   1190a CODE       _ctl_private_events_schedule
   1198e CODE       _ctl_events_set_clear
   119ee CODE       _ctl_mutex_init     
   11a06 CODE       _ctl_mutex_lock_uc  
   11a1a CODE       _ctl_mutex_lock     
   11b1e CODE       _ctl_mutex_unlock   
   11be4 CODE       _ctl_byte_queue_init
   11d2c CODE       _ctl_byte_queue_post_multi
   11e04 CODE       _ctl_byte_queue_receive_multi
   11ed2 CODE       _ctl_byte_queue_post_multi_nb
   11f42 CODE       _ctl_byte_queue_receive_multi_nb
   11fb2 CODE       _ctl_byte_queue_post
   11fe0 CODE       _ctl_byte_queue_receive
   12006 CODE       _ctl_byte_queue_post_nb
   12020 CODE       _ctl_byte_queue_receive_nb
   12034 CODE       _ctl_private_get_stack_start
   1203a CODE       _ctl_private_get_thread_local_storage
   12040 CODE       _ctl_private_init_registers
   120a2 CODE       _ctl_private_init_thread_local_storage
   120b8 CODE       ___RAL_read_tp      
   120c6 CODE       _ctl_private_reschedule_from_api_call
   120e2 CODE       _ctl_enter_isr      
   12116 CODE       _ctl_exit_isr       
   1214e CODE       _ctl_global_interrupts_set
   12166 CODE       _BUS_get_OA         
   121e2 CODE       _BUS_flags_to_addr  
   12258 CODE       _BUS_addr_to_flags  
   122ae CODE       _BUS_cmd_init       
   122c8 CODE       _BUS_OA_check       
   122fe CODE       _addr_chk           
   1232a CODE       _BUS_I2C_release    
   123c6 CODE       _BUS_cmd_tx         
   1265e CODE       _BUS_SPI_txrx       
   128d0 CODE       _crc7               
   12902 CODE       _crc16              
   12936 CODE       _get_ticker_time    
   1294e CODE       _setget_ticker_time 
   12976 CODE       _SPI_master_setup   
   12990 CODE       _SPI_slave_setup    
   129aa CODE       _SPI_deactivate     
   129ba CODE       _initCLK            
   12a04 CODE       _init_timerA        
   12a18 CODE       _start_timerA       
   12a20 CODE       _initSVS            
   12a76 CODE       _ARC_setup          
   12b0a CODE       _initARCbus         
   12c08 CODE       _readTA1            
   136f2 CODE       _mainLoop           
   1373c CODE       _BUS_init_buffer    
   13746 CODE       _BUS_get_buffer_size
   1374c CODE       _BUS_get_buffer     
   13774 CODE       _BUS_free_buffer    
   1377e CODE       _async_isOpen       
   13784 CODE       _async_open_remote  
   13816 CODE       _async_close_remote 
   13844 CODE       _async_send_data    
   138aa CODE       _BUS_free_alarm     
   138c2 CODE       _BUS_timer_timeout_check
   13916 CODE       _BUS_alarm_ticker_update
   13a1e CODE       _PMM_setVCoreUp     
   13b18 CODE       _PMM_setVCoreDown   
   13bd2 CODE       _PMM_setVCore       
   13c12 CODE       _ctl_handle_error   
   13c24 CODE       _err_decode_arcbus  
   1430c CODE       _BUS_error_str      
   143dc CODE       _BUS_cmdtostr       
   14588 CODE       _BUS_cmd_resptostr  
   1460e CODE       _bus_flags_tostr    
   1462e CODE       _bus_version_err_tostr
   146b0 CODE       _reset_bor          
   146e2 CODE       _main_return        
   146f6 CODE       _startup_error_check
   1493e CODE       _err_register_handler
   149f6 CODE       _error_init         
   14a18 CODE       _error_recording_start
   14ab4 CODE       _set_error_level    
   14ac0 CODE       _get_error_level    
   14ac6 CODE       __record_error      
   14b70 CODE       _record_error       
   14bb4 CODE       _ERR_lev_str        
   14bf2 CODE       _err_do_decode      
   14c7a CODE       _print_error        
   14cc8 CODE       _report_error       
   14d08 CODE       _clear_saved_errors 
   14d3a CODE       _error_log_mem_replay
   14dbc CODE       _error_log_replay   
   14e7e CODE       _make_args          
   14ee8 CODE       _helpCmd            
   14f9a CODE       _doCmd              
   1501e CODE       _hist_incr          
   1502a CODE       _hist_decr          
   15036 CODE       _terminal           
   152ee CODE       _I2C_addr_lookup    
   15336 CODE       _I2C_addr_revlookup 
   1536e CODE       _getI2C_addr        
   15438 CODE       _restCmd            
   154ee CODE       _timeCmd            
   15504 CODE       _txCmd              
   15682 CODE       _spiCmd             
   15794 CODE       _ARCsearch_Cmd      
   1584a CODE       _ARClib_version_Cmd 
   1585c CODE       _errReq_Cmd         
   15a1c CODE       _priorityCmd        
   15ad0 CODE       _timesliceCmd       
   15b38 CODE       _stateName          
   15bba CODE       _statsCmd           
   15c1c CODE       _stackCmd           
   15c66 CODE       _parse_log_level    
   15d40 CODE       _replayCmd          
   15dcc CODE       _clearErrCmd        
   15df0 CODE       _logCmd             
   15e76 CODE       _SD_error_str       
   16084 CODE       _UCA2_init_UART     
   16160 CODE       _UCA2_TxChar        
   1619c CODE       _UCA2_Getc          
   16218 CODE       _i2c_tx             
   162a0 CODE       _i2c_txrx           
   16352 CODE       _i2c_rx             
   16404 CODE       _initI2C            
   164b8 CODE       ___int32_mul        
   164da CODE       ___int16_div        
   16500 CODE       ___int16_mod        
   16526 CODE       ___int16_mul        
   1653c CODE       ___int64_lsl        
   1654e CODE       ___int64_lsr        
   165ae CODE       ___uint64_mod       
   165ce CODE       ___uint16_div       
   165e6 CODE       ___uint16_mod       
   165ee CODE       ___uint64_div       
   16616 CODE       ___uint64_divmod    
   16652 CODE       ___digit            
   16698 CODE       ___RAL_pow10        
   166ee CODE       ___strtoul          
   1680c CODE       ___putc             
   16856 CODE       ___RAL_print_padding
   16874 CODE       ___RAL_pre_padding  
   1689e CODE       _abs                
   168ae CODE       _atoi               
   168d4 CODE       _atol               
   168fe CODE       ___RAL_isctype      
   1691c CODE       _isupper            
   1692e CODE       _islower            
   16940 CODE       _isdigit            
   16950 CODE       _isspace            
   16960 CODE       _iscntrl            
   16972 CODE       ___errno            
   1697c CODE       _getchar            
   1699a CODE       ___RAL_global_locale_category
   16a6a CODE       _printf             
   16aa6 CODE       _puts               
   16ae0 CODE       _sprintf            
   16b10 CODE       _strcmp             
   16b30 CODE       _strcpy             
   16b46 CODE       _strncmp            
   16b74 CODE       _strlcpy            
   16bb8 CODE       _strnlen            
   16bd2 CODE       _strtol             
   16c7e CODE       _strtoul            
   16d32 CODE       ___RAL_init_mbstate 
   16d40 CODE       ___RAL_ascii_mbtowc 
   16d86 CODE       ___RAL_ascii_wctomb 
   16dae CODE       _memcpy             
   16dbe CODE       _memset             
   16dce CODE       _strlen             
   16dde CODE       ___float32_isinf    
   16df8 CODE       ___float32_isnan    
   16e10 CODE       ___float32_signbit  
   16e20 CODE       ___uint64_to_float32
   16f44 CODE       ___float32_to_int64 
   16ff6 CODE       ___float32_add      
   170e8 CODE       ___float32_sub      
   170f4 CODE       ___float32_mul      
   171cc CODE       ___float32_div      
   1728a CODE       ___float32_lt       
   172a6 CODE       ___float32_eq       
   172b6 CODE       ___int32_to_float32 
   172c6 CODE       ___uint32_to_float32
   172d0 CODE       ___uint32_to_float32_aux
   17310 CODE       _modff              
   173a6 CODE       _floor              
   173a6 CODE       _floorf             
   17476 CODE       _fmodf              
   17476 CODE       _fmod               
   175e8 CODE       _fabsf              
   175ee CODE       _ldexp              
   1762a CODE       _frexp              
