
SYMBOLS BY NAME

      80            CTL_IRQ_STACK_SIZE  
    2e96 UDATA0     _ARC_bus_helper_task
    30b6 UDATA0     _ARC_bus_task       
   12a6e CODE       _ARC_setup          
    d1bf CONST      _ARClib_version     
   15842 CODE       _ARClib_version_Cmd 
    d1d2 CONST      _ARClib_vstruct     
   1578c CODE       _ARCsearch_Cmd      
   12322 CODE       _BUS_I2C_release    
    2eb2 UDATA0     _BUS_INT_events     
   122c0 CODE       _BUS_OA_check       
   12656 CODE       _BUS_SPI_txrx       
   12250 CODE       _BUS_addr_to_flags  
   1390e CODE       _BUS_alarm_ticker_update
   122a6 CODE       _BUS_cmd_init       
   14580 CODE       _BUS_cmd_resptostr  
   123be CODE       _BUS_cmd_tx         
   143d4 CODE       _BUS_cmdtostr       
   14304 CODE       _BUS_error_str      
   121da CODE       _BUS_flags_to_addr  
   138a2 CODE       _BUS_free_alarm     
   1376c CODE       _BUS_free_buffer    
   1215e CODE       _BUS_get_OA         
   13744 CODE       _BUS_get_buffer     
   1373e CODE       _BUS_get_buffer_size
    2eb4 UDATA0     _BUS_helper_events  
   13734 CODE       _BUS_init_buffer    
    2eb6 UDATA0     _BUS_stack          
    40c8 THREAD     _BUS_thread_addr_flags
   138ba CODE       _BUS_timer_timeout_check
    3356 UDATA0     _DMA_events         
    c53a ISR        _DMA_int            
   14bac CODE       _ERR_lev_str        
   152e6 CODE       _I2C_addr_lookup    
   1532e CODE       _I2C_addr_revlookup 
    c7b0 ISR        _I2C_dat            
    3116 UDATA0     _I2C_rx_buf         
    3114 UDATA0     _I2C_rx_in          
    3112 UDATA0     _I2C_rx_out         
    40b6 UDATA0     _I2C_stat           
   13bca CODE       _PMM_setVCore       
   13b10 CODE       _PMM_setVCoreDown   
   13a16 CODE       _PMM_setVCoreUp     
   15e6e CODE       _SD_error_str       
    f758 CODE       _SD_read            
    f6d2 CODE       _SD_write           
   161b0 CODE       _SPISetup           
   129a2 CODE       _SPI_deactivate     
   161c6 CODE       _SPI_fast           
   1296e CODE       _SPI_master_setup   
   12988 CODE       _SPI_slave_setup    
   161d8 CODE       _SPI_slow           
    30ee UDATA0     _SUB_events         
    c600 ISR        _SYS_NMI            
    c00c ISR        _Timer_A2_A0        
    c012 ISR        _Timer_A2_A1        
   16194 CODE       _UCA2_Getc          
    c74e ISR        _UCA2_ISR           
    3f66 UDATA0     _UCA2_RxBuf         
    400a UDATA0     _UCA2_TxBuf         
   16158 CODE       _UCA2_TxChar        
   1607c CODE       _UCA2_init_UART     
    f36e CONST      ___RAL_ascii_ctype_map
   17798 CODE       ___RAL_ascii_mbtowc 
   177de CODE       ___RAL_ascii_wctomb 
    f548 CONST      ___RAL_c_locale     
    f446 CONST      ___RAL_c_locale_abbrev_day_names
    f4ba CONST      ___RAL_c_locale_abbrev_month_names
    f4eb CONST      ___RAL_c_locale_am_pm_indicator
    f516 CONST      ___RAL_c_locale_data
    f4f2 CONST      ___RAL_c_locale_date_format
    f504 CONST      ___RAL_c_locale_date_time_format
    f40c CONST      ___RAL_c_locale_day_names
    f463 CONST      ___RAL_c_locale_month_names
    f4fb CONST      ___RAL_c_locale_time_format
    f3fc CONST      ___RAL_codeset_ascii
    f515 CONST      ___RAL_data_empty_string
    f513 CONST      ___RAL_data_utf8_period
    1c2c IDATA0     ___RAL_global_locale
   173d2 CODE       ___RAL_global_locale_category
    f346 CONST      ___RAL_hex_lc       
    f336 CONST      ___RAL_hex_uc       
   1778a CODE       ___RAL_init_mbstate 
   17336 CODE       ___RAL_isctype      
   170d0 CODE       ___RAL_pow10        
   172ac CODE       ___RAL_pre_padding  
   1728e CODE       ___RAL_print_padding
   120b0 CODE       ___RAL_read_tp      
    1c00            ___RAM_Address      
    8000            ___RAM_Size         
    1c00            ___begin_IDATA0     
    40c8            ___begin_THREAD     
    1c36            ___begin_UDATA0     
     4c0            ___crt_mpy          
     4d2            ___crt_mpy32h       
     4d0            ___crt_mpy32l       
     4c8            ___crt_op2          
     4e2            ___crt_op2h         
     4e0            ___crt_op2l         
     4e4            ___crt_res0         
     4e6            ___crt_res1         
     4e8            ___crt_res2         
     4ea            ___crt_res3         
     4ca            ___crt_reslo        
   1708a CODE       ___digit            
    1c36            ___end_IDATA0       
    40cc            ___end_THREAD       
    40c8            ___end_UDATA0       
   173aa CODE       ___errno            
   17a4e CODE       ___float32_add      
   17c24 CODE       ___float32_div      
   17cfe CODE       ___float32_eq       
   17836 CODE       ___float32_isinf    
   17850 CODE       ___float32_isnan    
   17ce2 CODE       ___float32_lt       
   17b4c CODE       ___float32_mul      
    f550 CONST      ___float32_nan      
   17868 CODE       ___float32_signbit  
   17b40 CODE       ___float32_sub      
   1799c CODE       ___float32_to_int64 
    f564 CODE       ___getchar          
   16f12 CODE       ___int16_div        
   16f38 CODE       ___int16_mod        
   16f5e CODE       ___int16_mul        
   16ef0 CODE       ___int32_mul        
   16f74 CODE       ___int64_lsl        
   16f86 CODE       ___int64_lsr        
   117c2 CODE       ___printf_lock      
   117de CODE       ___printf_unlock    
   17244 CODE       ___putc             
    f554 CODE       ___putchar          
   17126 CODE       ___strtoul          
    c72a ISR        ___thunk_ARClib_version_Cmd
    c726 ISR        ___thunk_ARCsearch_Cmd
    c01c ISR        ___thunk_SD_read    
    c018 ISR        ___thunk_SD_write   
    c8a2 ISR        ___thunk___RAL_ascii_mbtowc
    c8a6 ISR        ___thunk___RAL_ascii_wctomb
    c000 ISR        ___thunk___putchar  
    c746 ISR        ___thunk_clearErrCmd
    c028 ISR        ___thunk_cmd_read_lux
    c024 ISR        ___thunk_cmd_read_temp
    c02c ISR        ___thunk_cmd_start_lux
    c030 ISR        ___thunk_cmd_status_lux
    c72e ISR        ___thunk_errReq_Cmd 
    c70a ISR        ___thunk_err_decode_arcbus
    c004 ISR        ___thunk_example_command
    c008 ISR        ___thunk_example_timer_IR
    c70e ISR        ___thunk_helpCmd    
    c74a ISR        ___thunk_logCmd     
    c732 ISR        ___thunk_priorityCmd
    c742 ISR        ___thunk_replayCmd  
    c716 ISR        ___thunk_restCmd    
    c020 ISR        ___thunk_send_I2C   
    c722 ISR        ___thunk_spiCmd     
    c73e ISR        ___thunk_stackCmd   
    c73a ISR        ___thunk_statsCmd   
    c712 ISR        ___thunk_terminal   
    c71a ISR        ___thunk_timeCmd    
    c736 ISR        ___thunk_timesliceCmd
    c71e ISR        ___thunk_txCmd      
   17006 CODE       ___uint16_div       
   1701e CODE       ___uint16_mod       
   17026 CODE       ___uint64_div       
   1704e CODE       ___uint64_divmod    
   16fe6 CODE       ___uint64_mod       
   17878 CODE       ___uint64_to_float32
    1c2a IDATA0     ___ungot            
    40c6 UDATA0     ___user_format_extender
   10226 CODE       ___vfprintf         
   10226 CODE       ___vfprintf_float_long_long
   1646c CODE       __mmc_pins_map      
   14abe CODE       __record_error      
   172d6 CODE       _abs                
   122f6 CODE       _addr_chk           
    39aa UDATA0     _alarms             
    30f0 UDATA0     _arcBus_stat        
    1c16 IDATA0     _async_addr         
   1380e CODE       _async_close_remote 
   13776 CODE       _async_isOpen       
   1377c CODE       _async_open_remote  
    398e UDATA0     _async_rxQ          
   1383c CODE       _async_send_data    
    1c18 IDATA0     _async_timer        
    399c UDATA0     _async_txQ          
   172e6 CODE       _atoi               
   1730c CODE       _atol               
    375c UDATA0     _buffer_mutex       
    e5c8 CONST      _busAddrSym         
    c03c ISR        _bus_I2C_isr        
    c478 ISR        _bus_SPI_isr        
   14606 CODE       _bus_flags_tostr    
    c484 ISR        _bus_int            
    c5ba ISR        _bus_resend         
   14626 CODE       _bus_version_err_tostr
   15dc4 CODE       _clearErrCmd        
   14d00 CODE       _clear_saved_errors 
    1c1a IDATA0     _closed_event       
    1c1c IDATA0     _closed_flag        
    1c12 IDATA0     _cmd_parse_list     
    fc7e CODE       _cmd_read_lux       
    fc44 CODE       _cmd_read_temp      
    fcbc CODE       _cmd_start_lux      
    fd8c CODE       _cmd_status_lux     
    c8e8 CONST      _cmd_tbl            
   128fa CODE       _crc16              
   128c8 CODE       _crc7               
    2c84 UDATA0     _crc_mutex          
   11bdc CODE       _ctl_byte_queue_init
   11faa CODE       _ctl_byte_queue_post
   11d24 CODE       _ctl_byte_queue_post_multi
   11eca CODE       _ctl_byte_queue_post_multi_nb
   11ffe CODE       _ctl_byte_queue_post_nb
   11fd8 CODE       _ctl_byte_queue_receive
   11dfc CODE       _ctl_byte_queue_receive_multi
   11f3a CODE       _ctl_byte_queue_receive_multi_nb
   12018 CODE       _ctl_byte_queue_receive_nb
    2bf8 UDATA0     _ctl_current_time   
   120da CODE       _ctl_enter_isr      
   117f2 CODE       _ctl_events_init    
   11986 CODE       _ctl_events_set_clear
   11806 CODE       _ctl_events_wait    
   1210e CODE       _ctl_exit_isr       
   117aa CODE       _ctl_get_current_time
   12146 CODE       _ctl_global_interrupts_set
   13c0a CODE       _ctl_handle_error   
   11730 CODE       _ctl_increment_tick_from_isr
    2bfd UDATA0     _ctl_interrupt_count
    2bf4 UDATA0     _ctl_last_schedule_time
    1c06 IDATA0     _ctl_libc_mutex     
   119e6 CODE       _ctl_mutex_init     
   11a12 CODE       _ctl_mutex_lock     
   119fe CODE       _ctl_mutex_lock_uc  
   11b16 CODE       _ctl_mutex_unlock   
   11460 CODE       _ctl_private_add_to_task_list
   11902 CODE       _ctl_private_events_schedule
   1202c CODE       _ctl_private_get_stack_start
   12032 CODE       _ctl_private_get_thread_local_storage
   12038 CODE       _ctl_private_init_registers
   1209a CODE       _ctl_private_init_thread_local_storage
   114ae CODE       _ctl_private_remove_from_task_list
   114e8 CODE       _ctl_private_reschedule
   120be CODE       _ctl_private_reschedule_from_api_call
    2bfc UDATA0     _ctl_reschedule_on_last_isr_exit
   11688 CODE       _ctl_task_die       
    2bfe UDATA0     _ctl_task_executing 
   115c0 CODE       _ctl_task_init      
    2c00 UDATA0     _ctl_task_list      
   115fc CODE       _ctl_task_run       
   116b0 CODE       _ctl_task_set_priority
    2bf2 UDATA0     _ctl_task_switch_callout
    1c04 IDATA0     _ctl_time_increment 
   116ee CODE       _ctl_timeout_wait   
    1c00 IDATA0     _ctl_timeslice_period
   14f92 CODE       _doCmd              
   15854 CODE       _errReq_Cmd         
   13c1c CODE       _err_decode_arcbus  
   14bea CODE       _err_do_decode      
   14936 CODE       _err_register_handler
   149ee CODE       _error_init         
   14d32 CODE       _error_log_mem_replay
   14db4 CODE       _error_log_replay   
   14a10 CODE       _error_recording_start
    f5e4 CODE       _example_command    
    f668 CODE       _example_timer_IR   
   17fe6 CODE       _fabsf              
   17da4 CODE       _floor              
   17da4 CODE       _floorf             
   17e74 CODE       _fmod               
   17e74 CODE       _fmodf              
   18028 CODE       _frexp              
   15366 CODE       _getI2C_addr        
   14ab8 CODE       _get_error_level    
   1292e CODE       _get_ticker_time    
   173b4 CODE       _getchar            
   14ee0 CODE       _helpCmd            
    2ca2 UDATA0     _helper_stack       
   15022 CODE       _hist_decr          
   15016 CODE       _hist_incr          
   16d8a CODE       _i2c_rx             
   16c50 CODE       _i2c_tx             
   16cd8 CODE       _i2c_txrx           
    30d2 UDATA0     _idle_task          
   12b02 CODE       _initARCbus         
   129b2 CODE       _initCLK            
   16e3c CODE       _initI2C            
   12a18 CODE       _initSVS            
   129fc CODE       _init_timerA        
   17398 CODE       _iscntrl            
   17378 CODE       _isdigit            
   17366 CODE       _islower            
   17388 CODE       _isspace            
   17354 CODE       _isupper            
   17fec CODE       _ldexp              
   15de8 CODE       _logCmd             
    f56a CODE       _main               
   136ea CODE       _mainLoop           
   146da CODE       _main_return        
   14e76 CODE       _make_args          
   17806 CODE       _memcpy             
   17816 CODE       _memset             
   16504 CODE       _mmcGoIdle          
   164f0 CODE       _mmcInit_card       
   1648e CODE       _mmcInit_msp        
   16410 CODE       _mmcLock            
   164a0 CODE       _mmcReInit_card     
   1699c CODE       _mmcReadBlock       
   16b7e CODE       _mmcSendCmd         
    1c22 IDATA0     _mmcStat            
   163d4 CODE       _mmcUnlock          
   16a84 CODE       _mmcWriteBlock      
    c7a4 ISR        _mmc_ISR            
   1685c CODE       _mmc_R1             
   16898 CODE       _mmc_R2             
   168d4 CODE       _mmc_dat_resp       
   163b8 CODE       _mmc_is_init        
   16448 CODE       _mmc_pins_on        
   16966 CODE       _mmc_token          
   17d0e CODE       _modff              
    39ca UDATA0     _next_idx           
   15c5e CODE       _parse_log_level    
    1c10 IDATA0     _powerState         
   14c72 CODE       _print_error        
   174a2 CODE       _printf             
   15a14 CODE       _priorityCmd        
   174de CODE       _puts               
   12c00 CODE       _readTA1            
   1001c CODE       _read_lux_all       
    fe4a CODE       _read_temp          
   14b68 CODE       _record_error       
   15d38 CODE       _replayCmd          
   14cc0 CODE       _report_error       
   146a8 CODE       _reset_bor          
   15430 CODE       _restCmd            
    3762 UDATA0     _rxbuf              
    39ba UDATA0     _saved_error        
    fba4 CODE       _send_I2C           
   14aac CODE       _set_error_level    
   12946 CODE       _setget_ticker_time 
   1567a CODE       _spiCmd             
   16220 CODE       _spiDummyClk        
   16256 CODE       _spiReadFrame       
   161e8 CODE       _spiSendByte        
   1630e CODE       _spiSendFrame       
   17518 CODE       _sprintf            
   15c14 CODE       _stackCmd           
   12a10 CODE       _start_timerA       
   146ee CODE       _startup_error_check
   15b30 CODE       _stateName          
   15bb2 CODE       _statsCmd           
   17548 CODE       _strcat             
   17568 CODE       _strcmp             
   17588 CODE       _strcpy             
   175cc CODE       _strlcpy            
   17826 CODE       _strlen             
   1759e CODE       _strncmp            
   17610 CODE       _strnlen            
   1762a CODE       _strtol             
   176d6 CODE       _strtoul            
    c580 ISR        _task_tick          
   1502e CODE       _terminal           
    1c36 UDATA0     _terminal_stack     
    2bd6 UDATA0     _terminal_task      
    2c8a UDATA0     _ticker_time        
   154e6 CODE       _timeCmd            
   15ac8 CODE       _timesliceCmd       
   154fc CODE       _txCmd              
    388e UDATA0     _txbuf              
    d218 CONST      thread_init_begin   
    d21c CONST      thread_init_end     


SYMBOLS BY VALUE

      80            CTL_IRQ_STACK_SIZE  
     4c0            ___crt_mpy          
     4c8            ___crt_op2          
     4ca            ___crt_reslo        
     4d0            ___crt_mpy32l       
     4d2            ___crt_mpy32h       
     4e0            ___crt_op2l         
     4e2            ___crt_op2h         
     4e4            ___crt_res0         
     4e6            ___crt_res1         
     4e8            ___crt_res2         
     4ea            ___crt_res3         
    1c00 IDATA0     _ctl_timeslice_period
    1c00            ___begin_IDATA0     
    1c00            ___RAM_Address      
    1c04 IDATA0     _ctl_time_increment 
    1c06 IDATA0     _ctl_libc_mutex     
    1c10 IDATA0     _powerState         
    1c12 IDATA0     _cmd_parse_list     
    1c16 IDATA0     _async_addr         
    1c18 IDATA0     _async_timer        
    1c1a IDATA0     _closed_event       
    1c1c IDATA0     _closed_flag        
    1c22 IDATA0     _mmcStat            
    1c2a IDATA0     ___ungot            
    1c2c IDATA0     ___RAL_global_locale
    1c36 UDATA0     _terminal_stack     
    1c36            ___begin_UDATA0     
    1c36            ___end_IDATA0       
    2bd6 UDATA0     _terminal_task      
    2bf2 UDATA0     _ctl_task_switch_callout
    2bf4 UDATA0     _ctl_last_schedule_time
    2bf8 UDATA0     _ctl_current_time   
    2bfc UDATA0     _ctl_reschedule_on_last_isr_exit
    2bfd UDATA0     _ctl_interrupt_count
    2bfe UDATA0     _ctl_task_executing 
    2c00 UDATA0     _ctl_task_list      
    2c84 UDATA0     _crc_mutex          
    2c8a UDATA0     _ticker_time        
    2ca2 UDATA0     _helper_stack       
    2e96 UDATA0     _ARC_bus_helper_task
    2eb2 UDATA0     _BUS_INT_events     
    2eb4 UDATA0     _BUS_helper_events  
    2eb6 UDATA0     _BUS_stack          
    30b6 UDATA0     _ARC_bus_task       
    30d2 UDATA0     _idle_task          
    30ee UDATA0     _SUB_events         
    30f0 UDATA0     _arcBus_stat        
    3112 UDATA0     _I2C_rx_out         
    3114 UDATA0     _I2C_rx_in          
    3116 UDATA0     _I2C_rx_buf         
    3356 UDATA0     _DMA_events         
    375c UDATA0     _buffer_mutex       
    3762 UDATA0     _rxbuf              
    388e UDATA0     _txbuf              
    398e UDATA0     _async_rxQ          
    399c UDATA0     _async_txQ          
    39aa UDATA0     _alarms             
    39ba UDATA0     _saved_error        
    39ca UDATA0     _next_idx           
    3f66 UDATA0     _UCA2_RxBuf         
    400a UDATA0     _UCA2_TxBuf         
    40b6 UDATA0     _I2C_stat           
    40c6 UDATA0     ___user_format_extender
    40c8            ___end_UDATA0       
    40c8 THREAD     _BUS_thread_addr_flags
    40c8            ___begin_THREAD     
    40cc            ___end_THREAD       
    8000            ___RAM_Size         
    c000 ISR        ___thunk___putchar  
    c004 ISR        ___thunk_example_command
    c008 ISR        ___thunk_example_timer_IR
    c00c ISR        _Timer_A2_A0        
    c012 ISR        _Timer_A2_A1        
    c018 ISR        ___thunk_SD_write   
    c01c ISR        ___thunk_SD_read    
    c020 ISR        ___thunk_send_I2C   
    c024 ISR        ___thunk_cmd_read_temp
    c028 ISR        ___thunk_cmd_read_lux
    c02c ISR        ___thunk_cmd_start_lux
    c030 ISR        ___thunk_cmd_status_lux
    c03c ISR        _bus_I2C_isr        
    c478 ISR        _bus_SPI_isr        
    c484 ISR        _bus_int            
    c53a ISR        _DMA_int            
    c580 ISR        _task_tick          
    c5ba ISR        _bus_resend         
    c600 ISR        _SYS_NMI            
    c70a ISR        ___thunk_err_decode_arcbus
    c70e ISR        ___thunk_helpCmd    
    c712 ISR        ___thunk_terminal   
    c716 ISR        ___thunk_restCmd    
    c71a ISR        ___thunk_timeCmd    
    c71e ISR        ___thunk_txCmd      
    c722 ISR        ___thunk_spiCmd     
    c726 ISR        ___thunk_ARCsearch_Cmd
    c72a ISR        ___thunk_ARClib_version_Cmd
    c72e ISR        ___thunk_errReq_Cmd 
    c732 ISR        ___thunk_priorityCmd
    c736 ISR        ___thunk_timesliceCmd
    c73a ISR        ___thunk_statsCmd   
    c73e ISR        ___thunk_stackCmd   
    c742 ISR        ___thunk_replayCmd  
    c746 ISR        ___thunk_clearErrCmd
    c74a ISR        ___thunk_logCmd     
    c74e ISR        _UCA2_ISR           
    c7a4 ISR        _mmc_ISR            
    c7b0 ISR        _I2C_dat            
    c8a2 ISR        ___thunk___RAL_ascii_mbtowc
    c8a6 ISR        ___thunk___RAL_ascii_wctomb
    c8e8 CONST      _cmd_tbl            
    d1bf CONST      _ARClib_version     
    d1d2 CONST      _ARClib_vstruct     
    d218 CONST      thread_init_begin   
    d21c CONST      thread_init_end     
    e5c8 CONST      _busAddrSym         
    f336 CONST      ___RAL_hex_uc       
    f346 CONST      ___RAL_hex_lc       
    f36e CONST      ___RAL_ascii_ctype_map
    f3fc CONST      ___RAL_codeset_ascii
    f40c CONST      ___RAL_c_locale_day_names
    f446 CONST      ___RAL_c_locale_abbrev_day_names
    f463 CONST      ___RAL_c_locale_month_names
    f4ba CONST      ___RAL_c_locale_abbrev_month_names
    f4eb CONST      ___RAL_c_locale_am_pm_indicator
    f4f2 CONST      ___RAL_c_locale_date_format
    f4fb CONST      ___RAL_c_locale_time_format
    f504 CONST      ___RAL_c_locale_date_time_format
    f513 CONST      ___RAL_data_utf8_period
    f515 CONST      ___RAL_data_empty_string
    f516 CONST      ___RAL_c_locale_data
    f548 CONST      ___RAL_c_locale     
    f550 CONST      ___float32_nan      
    f554 CODE       ___putchar          
    f564 CODE       ___getchar          
    f56a CODE       _main               
    f5e4 CODE       _example_command    
    f668 CODE       _example_timer_IR   
    f6d2 CODE       _SD_write           
    f758 CODE       _SD_read            
    fba4 CODE       _send_I2C           
    fc44 CODE       _cmd_read_temp      
    fc7e CODE       _cmd_read_lux       
    fcbc CODE       _cmd_start_lux      
    fd8c CODE       _cmd_status_lux     
    fe4a CODE       _read_temp          
   1001c CODE       _read_lux_all       
   10226 CODE       ___vfprintf_float_long_long
   10226 CODE       ___vfprintf         
   11460 CODE       _ctl_private_add_to_task_list
   114ae CODE       _ctl_private_remove_from_task_list
   114e8 CODE       _ctl_private_reschedule
   115c0 CODE       _ctl_task_init      
   115fc CODE       _ctl_task_run       
   11688 CODE       _ctl_task_die       
   116b0 CODE       _ctl_task_set_priority
   116ee CODE       _ctl_timeout_wait   
   11730 CODE       _ctl_increment_tick_from_isr
   117aa CODE       _ctl_get_current_time
   117c2 CODE       ___printf_lock      
   117de CODE       ___printf_unlock    
   117f2 CODE       _ctl_events_init    
   11806 CODE       _ctl_events_wait    
   11902 CODE       _ctl_private_events_schedule
   11986 CODE       _ctl_events_set_clear
   119e6 CODE       _ctl_mutex_init     
   119fe CODE       _ctl_mutex_lock_uc  
   11a12 CODE       _ctl_mutex_lock     
   11b16 CODE       _ctl_mutex_unlock   
   11bdc CODE       _ctl_byte_queue_init
   11d24 CODE       _ctl_byte_queue_post_multi
   11dfc CODE       _ctl_byte_queue_receive_multi
   11eca CODE       _ctl_byte_queue_post_multi_nb
   11f3a CODE       _ctl_byte_queue_receive_multi_nb
   11faa CODE       _ctl_byte_queue_post
   11fd8 CODE       _ctl_byte_queue_receive
   11ffe CODE       _ctl_byte_queue_post_nb
   12018 CODE       _ctl_byte_queue_receive_nb
   1202c CODE       _ctl_private_get_stack_start
   12032 CODE       _ctl_private_get_thread_local_storage
   12038 CODE       _ctl_private_init_registers
   1209a CODE       _ctl_private_init_thread_local_storage
   120b0 CODE       ___RAL_read_tp      
   120be CODE       _ctl_private_reschedule_from_api_call
   120da CODE       _ctl_enter_isr      
   1210e CODE       _ctl_exit_isr       
   12146 CODE       _ctl_global_interrupts_set
   1215e CODE       _BUS_get_OA         
   121da CODE       _BUS_flags_to_addr  
   12250 CODE       _BUS_addr_to_flags  
   122a6 CODE       _BUS_cmd_init       
   122c0 CODE       _BUS_OA_check       
   122f6 CODE       _addr_chk           
   12322 CODE       _BUS_I2C_release    
   123be CODE       _BUS_cmd_tx         
   12656 CODE       _BUS_SPI_txrx       
   128c8 CODE       _crc7               
   128fa CODE       _crc16              
   1292e CODE       _get_ticker_time    
   12946 CODE       _setget_ticker_time 
   1296e CODE       _SPI_master_setup   
   12988 CODE       _SPI_slave_setup    
   129a2 CODE       _SPI_deactivate     
   129b2 CODE       _initCLK            
   129fc CODE       _init_timerA        
   12a10 CODE       _start_timerA       
   12a18 CODE       _initSVS            
   12a6e CODE       _ARC_setup          
   12b02 CODE       _initARCbus         
   12c00 CODE       _readTA1            
   136ea CODE       _mainLoop           
   13734 CODE       _BUS_init_buffer    
   1373e CODE       _BUS_get_buffer_size
   13744 CODE       _BUS_get_buffer     
   1376c CODE       _BUS_free_buffer    
   13776 CODE       _async_isOpen       
   1377c CODE       _async_open_remote  
   1380e CODE       _async_close_remote 
   1383c CODE       _async_send_data    
   138a2 CODE       _BUS_free_alarm     
   138ba CODE       _BUS_timer_timeout_check
   1390e CODE       _BUS_alarm_ticker_update
   13a16 CODE       _PMM_setVCoreUp     
   13b10 CODE       _PMM_setVCoreDown   
   13bca CODE       _PMM_setVCore       
   13c0a CODE       _ctl_handle_error   
   13c1c CODE       _err_decode_arcbus  
   14304 CODE       _BUS_error_str      
   143d4 CODE       _BUS_cmdtostr       
   14580 CODE       _BUS_cmd_resptostr  
   14606 CODE       _bus_flags_tostr    
   14626 CODE       _bus_version_err_tostr
   146a8 CODE       _reset_bor          
   146da CODE       _main_return        
   146ee CODE       _startup_error_check
   14936 CODE       _err_register_handler
   149ee CODE       _error_init         
   14a10 CODE       _error_recording_start
   14aac CODE       _set_error_level    
   14ab8 CODE       _get_error_level    
   14abe CODE       __record_error      
   14b68 CODE       _record_error       
   14bac CODE       _ERR_lev_str        
   14bea CODE       _err_do_decode      
   14c72 CODE       _print_error        
   14cc0 CODE       _report_error       
   14d00 CODE       _clear_saved_errors 
   14d32 CODE       _error_log_mem_replay
   14db4 CODE       _error_log_replay   
   14e76 CODE       _make_args          
   14ee0 CODE       _helpCmd            
   14f92 CODE       _doCmd              
   15016 CODE       _hist_incr          
   15022 CODE       _hist_decr          
   1502e CODE       _terminal           
   152e6 CODE       _I2C_addr_lookup    
   1532e CODE       _I2C_addr_revlookup 
   15366 CODE       _getI2C_addr        
   15430 CODE       _restCmd            
   154e6 CODE       _timeCmd            
   154fc CODE       _txCmd              
   1567a CODE       _spiCmd             
   1578c CODE       _ARCsearch_Cmd      
   15842 CODE       _ARClib_version_Cmd 
   15854 CODE       _errReq_Cmd         
   15a14 CODE       _priorityCmd        
   15ac8 CODE       _timesliceCmd       
   15b30 CODE       _stateName          
   15bb2 CODE       _statsCmd           
   15c14 CODE       _stackCmd           
   15c5e CODE       _parse_log_level    
   15d38 CODE       _replayCmd          
   15dc4 CODE       _clearErrCmd        
   15de8 CODE       _logCmd             
   15e6e CODE       _SD_error_str       
   1607c CODE       _UCA2_init_UART     
   16158 CODE       _UCA2_TxChar        
   16194 CODE       _UCA2_Getc          
   161b0 CODE       _SPISetup           
   161c6 CODE       _SPI_fast           
   161d8 CODE       _SPI_slow           
   161e8 CODE       _spiSendByte        
   16220 CODE       _spiDummyClk        
   16256 CODE       _spiReadFrame       
   1630e CODE       _spiSendFrame       
   163b8 CODE       _mmc_is_init        
   163d4 CODE       _mmcUnlock          
   16410 CODE       _mmcLock            
   16448 CODE       _mmc_pins_on        
   1646c CODE       __mmc_pins_map      
   1648e CODE       _mmcInit_msp        
   164a0 CODE       _mmcReInit_card     
   164f0 CODE       _mmcInit_card       
   16504 CODE       _mmcGoIdle          
   1685c CODE       _mmc_R1             
   16898 CODE       _mmc_R2             
   168d4 CODE       _mmc_dat_resp       
   16966 CODE       _mmc_token          
   1699c CODE       _mmcReadBlock       
   16a84 CODE       _mmcWriteBlock      
   16b7e CODE       _mmcSendCmd         
   16c50 CODE       _i2c_tx             
   16cd8 CODE       _i2c_txrx           
   16d8a CODE       _i2c_rx             
   16e3c CODE       _initI2C            
   16ef0 CODE       ___int32_mul        
   16f12 CODE       ___int16_div        
   16f38 CODE       ___int16_mod        
   16f5e CODE       ___int16_mul        
   16f74 CODE       ___int64_lsl        
   16f86 CODE       ___int64_lsr        
   16fe6 CODE       ___uint64_mod       
   17006 CODE       ___uint16_div       
   1701e CODE       ___uint16_mod       
   17026 CODE       ___uint64_div       
   1704e CODE       ___uint64_divmod    
   1708a CODE       ___digit            
   170d0 CODE       ___RAL_pow10        
   17126 CODE       ___strtoul          
   17244 CODE       ___putc             
   1728e CODE       ___RAL_print_padding
   172ac CODE       ___RAL_pre_padding  
   172d6 CODE       _abs                
   172e6 CODE       _atoi               
   1730c CODE       _atol               
   17336 CODE       ___RAL_isctype      
   17354 CODE       _isupper            
   17366 CODE       _islower            
   17378 CODE       _isdigit            
   17388 CODE       _isspace            
   17398 CODE       _iscntrl            
   173aa CODE       ___errno            
   173b4 CODE       _getchar            
   173d2 CODE       ___RAL_global_locale_category
   174a2 CODE       _printf             
   174de CODE       _puts               
   17518 CODE       _sprintf            
   17548 CODE       _strcat             
   17568 CODE       _strcmp             
   17588 CODE       _strcpy             
   1759e CODE       _strncmp            
   175cc CODE       _strlcpy            
   17610 CODE       _strnlen            
   1762a CODE       _strtol             
   176d6 CODE       _strtoul            
   1778a CODE       ___RAL_init_mbstate 
   17798 CODE       ___RAL_ascii_mbtowc 
   177de CODE       ___RAL_ascii_wctomb 
   17806 CODE       _memcpy             
   17816 CODE       _memset             
   17826 CODE       _strlen             
   17836 CODE       ___float32_isinf    
   17850 CODE       ___float32_isnan    
   17868 CODE       ___float32_signbit  
   17878 CODE       ___uint64_to_float32
   1799c CODE       ___float32_to_int64 
   17a4e CODE       ___float32_add      
   17b40 CODE       ___float32_sub      
   17b4c CODE       ___float32_mul      
   17c24 CODE       ___float32_div      
   17ce2 CODE       ___float32_lt       
   17cfe CODE       ___float32_eq       
   17d0e CODE       _modff              
   17da4 CODE       _floor              
   17da4 CODE       _floorf             
   17e74 CODE       _fmod               
   17e74 CODE       _fmodf              
   17fe6 CODE       _fabsf              
   17fec CODE       _ldexp              
   18028 CODE       _frexp              
