
SYMBOLS BY NAME

      80            CTL_IRQ_STACK_SIZE  
    3e70 UDATA0     _ARC_bus_helper_task
    4090 UDATA0     _ARC_bus_task       
   13760 CODE       _ARC_setup          
    d3c1 CONST      _ARClib_version     
   1726c CODE       _ARClib_version_Cmd 
    d3d4 CONST      _ARClib_vstruct     
   171b6 CODE       _ARCsearch_Cmd      
   13014 CODE       _BUS_I2C_release    
    3e8c UDATA0     _BUS_INT_events     
   12fb2 CODE       _BUS_OA_check       
   13348 CODE       _BUS_SPI_txrx       
   12f42 CODE       _BUS_addr_to_flags  
   14600 CODE       _BUS_alarm_ticker_update
   12f98 CODE       _BUS_cmd_init       
   15272 CODE       _BUS_cmd_resptostr  
   130b0 CODE       _BUS_cmd_tx         
   150c6 CODE       _BUS_cmdtostr       
   14ff6 CODE       _BUS_error_str      
   12ecc CODE       _BUS_flags_to_addr  
   14594 CODE       _BUS_free_alarm     
   1445e CODE       _BUS_free_buffer    
   12e50 CODE       _BUS_get_OA         
   14436 CODE       _BUS_get_buffer     
   14430 CODE       _BUS_get_buffer_size
    3e8e UDATA0     _BUS_helper_events  
   14426 CODE       _BUS_init_buffer    
    3e90 UDATA0     _BUS_stack          
    509c THREAD     _BUS_thread_addr_flags
   145ac CODE       _BUS_timer_timeout_check
    4330 UDATA0     _DMA_events         
    c52a ISR        _DMA_int            
   1589e CODE       _ERR_lev_str        
   16d10 CODE       _I2C_addr_lookup    
   16d58 CODE       _I2C_addr_revlookup 
    c7d4 ISR        _I2C_dat            
    40f0 UDATA0     _I2C_rx_buf         
    40ee UDATA0     _I2C_rx_in          
    40ec UDATA0     _I2C_rx_out         
    508a UDATA0     _I2C_stat           
   148bc CODE       _PMM_setVCore       
   14802 CODE       _PMM_setVCoreDown   
   14708 CODE       _PMM_setVCoreUp     
   18bb6 CODE       _SD_DMA_is_enabled  
   17898 CODE       _SD_error_str       
   10016 CODE       _SD_read            
    fda4 CODE       _SD_write           
   17bda CODE       _SPISetup           
   13694 CODE       _SPI_deactivate     
   17bf0 CODE       _SPI_fast           
   13660 CODE       _SPI_master_setup   
   1367a CODE       _SPI_slave_setup    
   17c02 CODE       _SPI_slow           
    40c8 UDATA0     _SUB_events         
    c5f0 ISR        _SYS_NMI            
    3bca UDATA0     _SYS_evt            
    c008 ISR        _Timer_A2_A0        
    c00e ISR        _Timer_A2_A1        
   17bbe CODE       _UCA2_Getc          
    c772 ISR        _UCA2_ISR           
    4f40 UDATA0     _UCA2_RxBuf         
    4fe4 UDATA0     _UCA2_TxBuf         
   17b82 CODE       _UCA2_TxChar        
   17aa6 CODE       _UCA2_init_UART     
    fa32 CONST      ___RAL_ascii_ctype_map
   19570 CODE       ___RAL_ascii_mbtowc 
   195b6 CODE       ___RAL_ascii_wctomb 
    fc0c CONST      ___RAL_c_locale     
    fb0a CONST      ___RAL_c_locale_abbrev_day_names
    fb7e CONST      ___RAL_c_locale_abbrev_month_names
    fbaf CONST      ___RAL_c_locale_am_pm_indicator
    fbda CONST      ___RAL_c_locale_data
    fbb6 CONST      ___RAL_c_locale_date_format
    fbc8 CONST      ___RAL_c_locale_date_time_format
    fad0 CONST      ___RAL_c_locale_day_names
    fb27 CONST      ___RAL_c_locale_month_names
    fbbf CONST      ___RAL_c_locale_time_format
    fac0 CONST      ___RAL_codeset_ascii
    fbd9 CONST      ___RAL_data_empty_string
    fbd7 CONST      ___RAL_data_utf8_period
    1c2c IDATA0     ___RAL_global_locale
   1917c CODE       ___RAL_global_locale_category
    fa0a CONST      ___RAL_hex_lc       
    f9fa CONST      ___RAL_hex_uc       
   19562 CODE       ___RAL_init_mbstate 
   190ce CODE       ___RAL_isctype      
   18e68 CODE       ___RAL_pow10        
   19044 CODE       ___RAL_pre_padding  
   19026 CODE       ___RAL_print_padding
   12da2 CODE       ___RAL_read_tp      
    1c00            ___RAM_Address      
    8000            ___RAM_Size         
    1c00            ___begin_IDATA0     
    509c            ___begin_THREAD     
    1c36            ___begin_UDATA0     
     4da            ___crt_mac32h       
     4d8            ___crt_mac32l       
     4c0            ___crt_mpy          
     4d2            ___crt_mpy32h       
     4d0            ___crt_mpy32l       
     4c8            ___crt_op2          
     4e2            ___crt_op2h         
     4e0            ___crt_op2l         
     4e4            ___crt_res0         
     4e6            ___crt_res1         
     4e8            ___crt_res2         
     4ea            ___crt_res3         
     4ca            ___crt_reslo        
   18df4 CODE       ___digit            
    1c36            ___end_IDATA0       
    50a0            ___end_THREAD       
    509c            ___end_UDATA0       
   19154 CODE       ___errno            
   19826 CODE       ___float32_add      
   199fc CODE       ___float32_div      
   19ad6 CODE       ___float32_eq       
   1960e CODE       ___float32_isinf    
   19628 CODE       ___float32_isnan    
   19aba CODE       ___float32_lt       
   19924 CODE       ___float32_mul      
    fc14 CONST      ___float32_nan      
   19640 CODE       ___float32_signbit  
   19918 CODE       ___float32_sub      
   19774 CODE       ___float32_to_int64 
   18e3a CODE       ___getc             
    fc28 CODE       ___getchar          
   18bdc CODE       ___int16_div        
   18c02 CODE       ___int16_mod        
   18c28 CODE       ___int16_mul        
   19ae6 CODE       ___int16_to_float32 
   18bba CODE       ___int32_mul        
   18cac CODE       ___int64_lsl        
   18cbe CODE       ___int64_lsr        
   18c3e CODE       ___int64_mul        
   124b4 CODE       ___printf_lock      
   124d0 CODE       ___printf_unlock    
   18fdc CODE       ___putc             
    fc18 CODE       ___putchar          
   18ebe CODE       ___strtoul          
    c74e ISR        ___thunk_ARClib_version_Cmd
    c74a ISR        ___thunk_ARCsearch_Cmd
    c018 ISR        ___thunk_SD_read    
    c014 ISR        ___thunk_SD_write   
    c8c6 ISR        ___thunk___RAL_ascii_mbtowc
    c8ca ISR        ___thunk___RAL_ascii_wctomb
    c000 ISR        ___thunk___putchar  
    c76a ISR        ___thunk_clearErrCmd
    c752 ISR        ___thunk_errReq_Cmd 
    c6fa ISR        ___thunk_err_decode_arcbus
    c004 ISR        ___thunk_example_command
    c6fe ISR        ___thunk_helpCmd    
    c76e ISR        ___thunk_logCmd     
    c732 ISR        ___thunk_mmcDMA_Cmd 
    c706 ISR        ___thunk_mmcInitChkCmd
    c722 ISR        ___thunk_mmc_TstCmd 
    c71a ISR        ___thunk_mmc_cardSize
    c712 ISR        ___thunk_mmc_dump   
    c71e ISR        ___thunk_mmc_eraseCmd
    c72a ISR        ___thunk_mmc_multiRTstCmd
    c726 ISR        ___thunk_mmc_multiWTstCmd
    c70e ISR        ___thunk_mmc_read   
    c72e ISR        ___thunk_mmc_reinit 
    c70a ISR        ___thunk_mmc_write  
    c716 ISR        ___thunk_mmcdat_Cmd 
    c736 ISR        ___thunk_mmcreg_Cmd 
    c756 ISR        ___thunk_priorityCmd
    c766 ISR        ___thunk_replayCmd  
    c73a ISR        ___thunk_restCmd    
    c746 ISR        ___thunk_spiCmd     
    c762 ISR        ___thunk_stackCmd   
    c75e ISR        ___thunk_statsCmd   
    c01c ISR        ___thunk_sub_events 
    c020 ISR        ___thunk_sys_events 
    c702 ISR        ___thunk_terminal   
    c73e ISR        ___thunk_timeCmd    
    c75a ISR        ___thunk_timesliceCmd
    c742 ISR        ___thunk_txCmd      
   18d3e CODE       ___uint16_div       
   18d56 CODE       ___uint16_mod       
   19af2 CODE       ___uint16_to_float32
   19afc CODE       ___uint16_to_float32_aux
   18d5e CODE       ___uint32_div       
   18d68 CODE       ___uint32_divmod    
   18d90 CODE       ___uint64_div       
   18db8 CODE       ___uint64_divmod    
   18d1e CODE       ___uint64_mod       
   19650 CODE       ___uint64_to_float32
    1c2a IDATA0     ___ungot            
    509a UDATA0     ___user_format_extender
   1054a CODE       ___vfprintf         
   1054a CODE       ___vfprintf_float_long_long
   11d0e CODE       ___vfscanf          
   11d0e CODE       ___vfscanf_float_long_long_cc
   17e62 CODE       __mmc_pins_map      
   157b0 CODE       __record_error      
   1906e CODE       _abs                
   12fe8 CODE       _addr_chk           
    4984 UDATA0     _alarms             
    40ca UDATA0     _arcBus_stat        
    1c16 IDATA0     _async_addr         
   14500 CODE       _async_close_remote 
   14468 CODE       _async_isOpen       
   1446e CODE       _async_open_remote  
    4968 UDATA0     _async_rxQ          
   1452e CODE       _async_send_data    
    1c18 IDATA0     _async_timer        
    4976 UDATA0     _async_txQ          
   1907e CODE       _atoi               
   190a4 CODE       _atol               
    4736 UDATA0     _buffer_mutex       
    ecf0 CONST      _busAddrSym         
    c02c ISR        _bus_I2C_isr        
    c468 ISR        _bus_SPI_isr        
   152f8 CODE       _bus_flags_tostr    
    c474 ISR        _bus_int            
    c5aa ISR        _bus_resend         
   15318 CODE       _bus_version_err_tostr
   177ee CODE       _clearErrCmd        
   159f2 CODE       _clear_saved_errors 
    1c1a IDATA0     _closed_event       
    1c1c IDATA0     _closed_flag        
    1c12 IDATA0     _cmd_parse_list     
    c90e CONST      _cmd_tbl            
   135ec CODE       _crc16              
   135ba CODE       _crc7               
    3c5e UDATA0     _crc_mutex          
   128ce CODE       _ctl_byte_queue_init
   12c9c CODE       _ctl_byte_queue_post
   12a16 CODE       _ctl_byte_queue_post_multi
   12bbc CODE       _ctl_byte_queue_post_multi_nb
   12cf0 CODE       _ctl_byte_queue_post_nb
   12cca CODE       _ctl_byte_queue_receive
   12aee CODE       _ctl_byte_queue_receive_multi
   12c2c CODE       _ctl_byte_queue_receive_multi_nb
   12d0a CODE       _ctl_byte_queue_receive_nb
    3bd2 UDATA0     _ctl_current_time   
   12dcc CODE       _ctl_enter_isr      
   124e4 CODE       _ctl_events_init    
   12678 CODE       _ctl_events_set_clear
   124f8 CODE       _ctl_events_wait    
   12e00 CODE       _ctl_exit_isr       
   1249c CODE       _ctl_get_current_time
   12e38 CODE       _ctl_global_interrupts_set
   148fc CODE       _ctl_handle_error   
   12422 CODE       _ctl_increment_tick_from_isr
    3bd7 UDATA0     _ctl_interrupt_count
    3bce UDATA0     _ctl_last_schedule_time
    1c06 IDATA0     _ctl_libc_mutex     
   126d8 CODE       _ctl_mutex_init     
   12704 CODE       _ctl_mutex_lock     
   126f0 CODE       _ctl_mutex_lock_uc  
   12808 CODE       _ctl_mutex_unlock   
   12152 CODE       _ctl_private_add_to_task_list
   125f4 CODE       _ctl_private_events_schedule
   12d1e CODE       _ctl_private_get_stack_start
   12d24 CODE       _ctl_private_get_thread_local_storage
   12d2a CODE       _ctl_private_init_registers
   12d8c CODE       _ctl_private_init_thread_local_storage
   121a0 CODE       _ctl_private_remove_from_task_list
   121da CODE       _ctl_private_reschedule
   12db0 CODE       _ctl_private_reschedule_from_api_call
    3bd6 UDATA0     _ctl_reschedule_on_last_isr_exit
   1237a CODE       _ctl_task_die       
    3bd8 UDATA0     _ctl_task_executing 
   122b2 CODE       _ctl_task_init      
    3bda UDATA0     _ctl_task_list      
   122ee CODE       _ctl_task_run       
   123a2 CODE       _ctl_task_set_priority
    3bcc UDATA0     _ctl_task_switch_callout
    1c04 IDATA0     _ctl_time_increment 
   123e0 CODE       _ctl_timeout_wait   
    1c00 IDATA0     _ctl_timeslice_period
   16538 CODE       _dat_next           
   15c84 CODE       _doCmd              
   1727e CODE       _errReq_Cmd         
   1490e CODE       _err_decode_arcbus  
   158dc CODE       _err_do_decode      
   15628 CODE       _err_register_handler
   156e0 CODE       _error_init         
   15a24 CODE       _error_log_mem_replay
   15aa6 CODE       _error_log_replay   
   15702 CODE       _error_recording_start
    fd20 CODE       _example_command    
   19df4 CODE       _fabsf              
   19bb2 CODE       _floor              
   19bb2 CODE       _floorf             
   19c82 CODE       _fmod               
   19c82 CODE       _fmodf              
   19e36 CODE       _frexp              
   16d90 CODE       _getI2C_addr        
   157aa CODE       _get_error_level    
   13620 CODE       _get_ticker_time    
   1915e CODE       _getchar            
   15bd2 CODE       _helpCmd            
    3c7c UDATA0     _helper_stack       
   15d14 CODE       _hist_decr          
   15d08 CODE       _hist_incr          
    40ac UDATA0     _idle_task          
   137f4 CODE       _initARCbus         
   136a4 CODE       _initCLK            
   1370a CODE       _initSVS            
   136ee CODE       _init_timerA        
   19142 CODE       _iscntrl            
   19110 CODE       _isdigit            
   190fe CODE       _islower            
   19130 CODE       _isprint            
   19120 CODE       _isspace            
   190ec CODE       _isupper            
   19dfa CODE       _ldexp              
   17812 CODE       _logCmd             
    fc2e CODE       _main               
   143dc CODE       _mainLoop           
   153cc CODE       _main_return        
   15b68 CODE       _make_args          
   195de CODE       _memcpy             
   195ee CODE       _memset             
   16c3e CODE       _mmcDMA_Cmd         
   18920 CODE       _mmcErase           
   18a72 CODE       _mmcGetCardSize     
   17efa CODE       _mmcGoIdle          
   15fd8 CODE       _mmcInitChkCmd      
   17ee6 CODE       _mmcInit_card       
   17e84 CODE       _mmcInit_msp        
   17e06 CODE       _mmcLock            
   17e96 CODE       _mmcReInit_card     
   18412 CODE       _mmcReadBlock       
   184fa CODE       _mmcReadBlocks      
   189f8 CODE       _mmcReadReg         
   188ae CODE       _mmcSendCmd         
    1c22 IDATA0     _mmcStat            
   17dca CODE       _mmcUnlock          
   1865c CODE       _mmcWriteBlock      
   18756 CODE       _mmcWriteMultiBlock 
    c7c8 ISR        _mmc_ISR            
   18252 CODE       _mmc_R1             
   18304 CODE       _mmc_R1b            
   1828e CODE       _mmc_R2             
   16572 CODE       _mmc_TstCmd         
   182ca CODE       _mmc_busy           
   1645c CODE       _mmc_cardSize       
   1834a CODE       _mmc_dat_resp       
   1613e CODE       _mmc_dump           
   164a8 CODE       _mmc_eraseCmd       
   17dae CODE       _mmc_is_init        
   16942 CODE       _mmc_multiRTstCmd   
   167ea CODE       _mmc_multiWTstCmd   
   17e3e CODE       _mmc_pins_on        
   160a6 CODE       _mmc_read           
   16c1e CODE       _mmc_reinit         
   183dc CODE       _mmc_token          
   16006 CODE       _mmc_write          
   1629a CODE       _mmcdat_Cmd         
   16c5c CODE       _mmcreg_Cmd         
   19b1c CODE       _modff              
    49a4 UDATA0     _next_idx           
   17688 CODE       _parse_log_level    
    1c10 IDATA0     _powerState         
   15964 CODE       _print_error        
   1924c CODE       _printf             
   1743e CODE       _priorityCmd        
   19288 CODE       _puts               
   138f2 CODE       _readTA1            
   1585a CODE       _record_error       
   17762 CODE       _replayCmd          
   159b2 CODE       _report_error       
   1539a CODE       _reset_bor          
   16e5a CODE       _restCmd            
    473c UDATA0     _rxbuf              
    4994 UDATA0     _saved_error        
   1579e CODE       _set_error_level    
   13638 CODE       _setget_ticker_time 
   170a4 CODE       _spiCmd             
   17c30 CODE       _spiDummyClk        
   17c4c CODE       _spiReadFrame       
   17c12 CODE       _spiSendByte        
   17d04 CODE       _spiSendFrame       
   192c2 CODE       _sprintf            
   192f2 CODE       _sscanf             
   1763e CODE       _stackCmd           
   13702 CODE       _start_timerA       
   153e0 CODE       _startup_error_check
   1755a CODE       _stateName          
   175dc CODE       _statsCmd           
   19320 CODE       _strcat             
   19340 CODE       _strcmp             
   19360 CODE       _strcpy             
   193a4 CODE       _strlcpy            
   195fe CODE       _strlen             
   19376 CODE       _strncmp            
   193e8 CODE       _strnlen            
   19402 CODE       _strtol             
   194ae CODE       _strtoul            
   10462 CODE       _sub_events         
    1c36 UDATA0     _sub_stack          
    3b92 UDATA0     _sub_task           
   104f2 CODE       _sys_events         
    2406 UDATA0     _sys_stack          
    3b76 UDATA0     _sys_task           
    c570 ISR        _task_tick          
   15d20 CODE       _terminal           
    2bd6 UDATA0     _terminal_stack     
    3bae UDATA0     _terminal_task      
    3c64 UDATA0     _ticker_time        
   16f10 CODE       _timeCmd            
   174f2 CODE       _timesliceCmd       
   16f26 CODE       _txCmd              
    4868 UDATA0     _txbuf              
    d41a CONST      thread_init_begin   
    d41e CONST      thread_init_end     


SYMBOLS BY VALUE

      80            CTL_IRQ_STACK_SIZE  
     4c0            ___crt_mpy          
     4c8            ___crt_op2          
     4ca            ___crt_reslo        
     4d0            ___crt_mpy32l       
     4d2            ___crt_mpy32h       
     4d8            ___crt_mac32l       
     4da            ___crt_mac32h       
     4e0            ___crt_op2l         
     4e2            ___crt_op2h         
     4e4            ___crt_res0         
     4e6            ___crt_res1         
     4e8            ___crt_res2         
     4ea            ___crt_res3         
    1c00 IDATA0     _ctl_timeslice_period
    1c00            ___begin_IDATA0     
    1c00            ___RAM_Address      
    1c04 IDATA0     _ctl_time_increment 
    1c06 IDATA0     _ctl_libc_mutex     
    1c10 IDATA0     _powerState         
    1c12 IDATA0     _cmd_parse_list     
    1c16 IDATA0     _async_addr         
    1c18 IDATA0     _async_timer        
    1c1a IDATA0     _closed_event       
    1c1c IDATA0     _closed_flag        
    1c22 IDATA0     _mmcStat            
    1c2a IDATA0     ___ungot            
    1c2c IDATA0     ___RAL_global_locale
    1c36 UDATA0     _sub_stack          
    1c36            ___end_IDATA0       
    1c36            ___begin_UDATA0     
    2406 UDATA0     _sys_stack          
    2bd6 UDATA0     _terminal_stack     
    3b76 UDATA0     _sys_task           
    3b92 UDATA0     _sub_task           
    3bae UDATA0     _terminal_task      
    3bca UDATA0     _SYS_evt            
    3bcc UDATA0     _ctl_task_switch_callout
    3bce UDATA0     _ctl_last_schedule_time
    3bd2 UDATA0     _ctl_current_time   
    3bd6 UDATA0     _ctl_reschedule_on_last_isr_exit
    3bd7 UDATA0     _ctl_interrupt_count
    3bd8 UDATA0     _ctl_task_executing 
    3bda UDATA0     _ctl_task_list      
    3c5e UDATA0     _crc_mutex          
    3c64 UDATA0     _ticker_time        
    3c7c UDATA0     _helper_stack       
    3e70 UDATA0     _ARC_bus_helper_task
    3e8c UDATA0     _BUS_INT_events     
    3e8e UDATA0     _BUS_helper_events  
    3e90 UDATA0     _BUS_stack          
    4090 UDATA0     _ARC_bus_task       
    40ac UDATA0     _idle_task          
    40c8 UDATA0     _SUB_events         
    40ca UDATA0     _arcBus_stat        
    40ec UDATA0     _I2C_rx_out         
    40ee UDATA0     _I2C_rx_in          
    40f0 UDATA0     _I2C_rx_buf         
    4330 UDATA0     _DMA_events         
    4736 UDATA0     _buffer_mutex       
    473c UDATA0     _rxbuf              
    4868 UDATA0     _txbuf              
    4968 UDATA0     _async_rxQ          
    4976 UDATA0     _async_txQ          
    4984 UDATA0     _alarms             
    4994 UDATA0     _saved_error        
    49a4 UDATA0     _next_idx           
    4f40 UDATA0     _UCA2_RxBuf         
    4fe4 UDATA0     _UCA2_TxBuf         
    508a UDATA0     _I2C_stat           
    509a UDATA0     ___user_format_extender
    509c THREAD     _BUS_thread_addr_flags
    509c            ___begin_THREAD     
    509c            ___end_UDATA0       
    50a0            ___end_THREAD       
    8000            ___RAM_Size         
    c000 ISR        ___thunk___putchar  
    c004 ISR        ___thunk_example_command
    c008 ISR        _Timer_A2_A0        
    c00e ISR        _Timer_A2_A1        
    c014 ISR        ___thunk_SD_write   
    c018 ISR        ___thunk_SD_read    
    c01c ISR        ___thunk_sub_events 
    c020 ISR        ___thunk_sys_events 
    c02c ISR        _bus_I2C_isr        
    c468 ISR        _bus_SPI_isr        
    c474 ISR        _bus_int            
    c52a ISR        _DMA_int            
    c570 ISR        _task_tick          
    c5aa ISR        _bus_resend         
    c5f0 ISR        _SYS_NMI            
    c6fa ISR        ___thunk_err_decode_arcbus
    c6fe ISR        ___thunk_helpCmd    
    c702 ISR        ___thunk_terminal   
    c706 ISR        ___thunk_mmcInitChkCmd
    c70a ISR        ___thunk_mmc_write  
    c70e ISR        ___thunk_mmc_read   
    c712 ISR        ___thunk_mmc_dump   
    c716 ISR        ___thunk_mmcdat_Cmd 
    c71a ISR        ___thunk_mmc_cardSize
    c71e ISR        ___thunk_mmc_eraseCmd
    c722 ISR        ___thunk_mmc_TstCmd 
    c726 ISR        ___thunk_mmc_multiWTstCmd
    c72a ISR        ___thunk_mmc_multiRTstCmd
    c72e ISR        ___thunk_mmc_reinit 
    c732 ISR        ___thunk_mmcDMA_Cmd 
    c736 ISR        ___thunk_mmcreg_Cmd 
    c73a ISR        ___thunk_restCmd    
    c73e ISR        ___thunk_timeCmd    
    c742 ISR        ___thunk_txCmd      
    c746 ISR        ___thunk_spiCmd     
    c74a ISR        ___thunk_ARCsearch_Cmd
    c74e ISR        ___thunk_ARClib_version_Cmd
    c752 ISR        ___thunk_errReq_Cmd 
    c756 ISR        ___thunk_priorityCmd
    c75a ISR        ___thunk_timesliceCmd
    c75e ISR        ___thunk_statsCmd   
    c762 ISR        ___thunk_stackCmd   
    c766 ISR        ___thunk_replayCmd  
    c76a ISR        ___thunk_clearErrCmd
    c76e ISR        ___thunk_logCmd     
    c772 ISR        _UCA2_ISR           
    c7c8 ISR        _mmc_ISR            
    c7d4 ISR        _I2C_dat            
    c8c6 ISR        ___thunk___RAL_ascii_mbtowc
    c8ca ISR        ___thunk___RAL_ascii_wctomb
    c90e CONST      _cmd_tbl            
    d3c1 CONST      _ARClib_version     
    d3d4 CONST      _ARClib_vstruct     
    d41a CONST      thread_init_begin   
    d41e CONST      thread_init_end     
    ecf0 CONST      _busAddrSym         
    f9fa CONST      ___RAL_hex_uc       
    fa0a CONST      ___RAL_hex_lc       
    fa32 CONST      ___RAL_ascii_ctype_map
    fac0 CONST      ___RAL_codeset_ascii
    fad0 CONST      ___RAL_c_locale_day_names
    fb0a CONST      ___RAL_c_locale_abbrev_day_names
    fb27 CONST      ___RAL_c_locale_month_names
    fb7e CONST      ___RAL_c_locale_abbrev_month_names
    fbaf CONST      ___RAL_c_locale_am_pm_indicator
    fbb6 CONST      ___RAL_c_locale_date_format
    fbbf CONST      ___RAL_c_locale_time_format
    fbc8 CONST      ___RAL_c_locale_date_time_format
    fbd7 CONST      ___RAL_data_utf8_period
    fbd9 CONST      ___RAL_data_empty_string
    fbda CONST      ___RAL_c_locale_data
    fc0c CONST      ___RAL_c_locale     
    fc14 CONST      ___float32_nan      
    fc18 CODE       ___putchar          
    fc28 CODE       ___getchar          
    fc2e CODE       _main               
    fd20 CODE       _example_command    
    fda4 CODE       _SD_write           
   10016 CODE       _SD_read            
   10462 CODE       _sub_events         
   104f2 CODE       _sys_events         
   1054a CODE       ___vfprintf         
   1054a CODE       ___vfprintf_float_long_long
   11d0e CODE       ___vfscanf          
   11d0e CODE       ___vfscanf_float_long_long_cc
   12152 CODE       _ctl_private_add_to_task_list
   121a0 CODE       _ctl_private_remove_from_task_list
   121da CODE       _ctl_private_reschedule
   122b2 CODE       _ctl_task_init      
   122ee CODE       _ctl_task_run       
   1237a CODE       _ctl_task_die       
   123a2 CODE       _ctl_task_set_priority
   123e0 CODE       _ctl_timeout_wait   
   12422 CODE       _ctl_increment_tick_from_isr
   1249c CODE       _ctl_get_current_time
   124b4 CODE       ___printf_lock      
   124d0 CODE       ___printf_unlock    
   124e4 CODE       _ctl_events_init    
   124f8 CODE       _ctl_events_wait    
   125f4 CODE       _ctl_private_events_schedule
   12678 CODE       _ctl_events_set_clear
   126d8 CODE       _ctl_mutex_init     
   126f0 CODE       _ctl_mutex_lock_uc  
   12704 CODE       _ctl_mutex_lock     
   12808 CODE       _ctl_mutex_unlock   
   128ce CODE       _ctl_byte_queue_init
   12a16 CODE       _ctl_byte_queue_post_multi
   12aee CODE       _ctl_byte_queue_receive_multi
   12bbc CODE       _ctl_byte_queue_post_multi_nb
   12c2c CODE       _ctl_byte_queue_receive_multi_nb
   12c9c CODE       _ctl_byte_queue_post
   12cca CODE       _ctl_byte_queue_receive
   12cf0 CODE       _ctl_byte_queue_post_nb
   12d0a CODE       _ctl_byte_queue_receive_nb
   12d1e CODE       _ctl_private_get_stack_start
   12d24 CODE       _ctl_private_get_thread_local_storage
   12d2a CODE       _ctl_private_init_registers
   12d8c CODE       _ctl_private_init_thread_local_storage
   12da2 CODE       ___RAL_read_tp      
   12db0 CODE       _ctl_private_reschedule_from_api_call
   12dcc CODE       _ctl_enter_isr      
   12e00 CODE       _ctl_exit_isr       
   12e38 CODE       _ctl_global_interrupts_set
   12e50 CODE       _BUS_get_OA         
   12ecc CODE       _BUS_flags_to_addr  
   12f42 CODE       _BUS_addr_to_flags  
   12f98 CODE       _BUS_cmd_init       
   12fb2 CODE       _BUS_OA_check       
   12fe8 CODE       _addr_chk           
   13014 CODE       _BUS_I2C_release    
   130b0 CODE       _BUS_cmd_tx         
   13348 CODE       _BUS_SPI_txrx       
   135ba CODE       _crc7               
   135ec CODE       _crc16              
   13620 CODE       _get_ticker_time    
   13638 CODE       _setget_ticker_time 
   13660 CODE       _SPI_master_setup   
   1367a CODE       _SPI_slave_setup    
   13694 CODE       _SPI_deactivate     
   136a4 CODE       _initCLK            
   136ee CODE       _init_timerA        
   13702 CODE       _start_timerA       
   1370a CODE       _initSVS            
   13760 CODE       _ARC_setup          
   137f4 CODE       _initARCbus         
   138f2 CODE       _readTA1            
   143dc CODE       _mainLoop           
   14426 CODE       _BUS_init_buffer    
   14430 CODE       _BUS_get_buffer_size
   14436 CODE       _BUS_get_buffer     
   1445e CODE       _BUS_free_buffer    
   14468 CODE       _async_isOpen       
   1446e CODE       _async_open_remote  
   14500 CODE       _async_close_remote 
   1452e CODE       _async_send_data    
   14594 CODE       _BUS_free_alarm     
   145ac CODE       _BUS_timer_timeout_check
   14600 CODE       _BUS_alarm_ticker_update
   14708 CODE       _PMM_setVCoreUp     
   14802 CODE       _PMM_setVCoreDown   
   148bc CODE       _PMM_setVCore       
   148fc CODE       _ctl_handle_error   
   1490e CODE       _err_decode_arcbus  
   14ff6 CODE       _BUS_error_str      
   150c6 CODE       _BUS_cmdtostr       
   15272 CODE       _BUS_cmd_resptostr  
   152f8 CODE       _bus_flags_tostr    
   15318 CODE       _bus_version_err_tostr
   1539a CODE       _reset_bor          
   153cc CODE       _main_return        
   153e0 CODE       _startup_error_check
   15628 CODE       _err_register_handler
   156e0 CODE       _error_init         
   15702 CODE       _error_recording_start
   1579e CODE       _set_error_level    
   157aa CODE       _get_error_level    
   157b0 CODE       __record_error      
   1585a CODE       _record_error       
   1589e CODE       _ERR_lev_str        
   158dc CODE       _err_do_decode      
   15964 CODE       _print_error        
   159b2 CODE       _report_error       
   159f2 CODE       _clear_saved_errors 
   15a24 CODE       _error_log_mem_replay
   15aa6 CODE       _error_log_replay   
   15b68 CODE       _make_args          
   15bd2 CODE       _helpCmd            
   15c84 CODE       _doCmd              
   15d08 CODE       _hist_incr          
   15d14 CODE       _hist_decr          
   15d20 CODE       _terminal           
   15fd8 CODE       _mmcInitChkCmd      
   16006 CODE       _mmc_write          
   160a6 CODE       _mmc_read           
   1613e CODE       _mmc_dump           
   1629a CODE       _mmcdat_Cmd         
   1645c CODE       _mmc_cardSize       
   164a8 CODE       _mmc_eraseCmd       
   16538 CODE       _dat_next           
   16572 CODE       _mmc_TstCmd         
   167ea CODE       _mmc_multiWTstCmd   
   16942 CODE       _mmc_multiRTstCmd   
   16c1e CODE       _mmc_reinit         
   16c3e CODE       _mmcDMA_Cmd         
   16c5c CODE       _mmcreg_Cmd         
   16d10 CODE       _I2C_addr_lookup    
   16d58 CODE       _I2C_addr_revlookup 
   16d90 CODE       _getI2C_addr        
   16e5a CODE       _restCmd            
   16f10 CODE       _timeCmd            
   16f26 CODE       _txCmd              
   170a4 CODE       _spiCmd             
   171b6 CODE       _ARCsearch_Cmd      
   1726c CODE       _ARClib_version_Cmd 
   1727e CODE       _errReq_Cmd         
   1743e CODE       _priorityCmd        
   174f2 CODE       _timesliceCmd       
   1755a CODE       _stateName          
   175dc CODE       _statsCmd           
   1763e CODE       _stackCmd           
   17688 CODE       _parse_log_level    
   17762 CODE       _replayCmd          
   177ee CODE       _clearErrCmd        
   17812 CODE       _logCmd             
   17898 CODE       _SD_error_str       
   17aa6 CODE       _UCA2_init_UART     
   17b82 CODE       _UCA2_TxChar        
   17bbe CODE       _UCA2_Getc          
   17bda CODE       _SPISetup           
   17bf0 CODE       _SPI_fast           
   17c02 CODE       _SPI_slow           
   17c12 CODE       _spiSendByte        
   17c30 CODE       _spiDummyClk        
   17c4c CODE       _spiReadFrame       
   17d04 CODE       _spiSendFrame       
   17dae CODE       _mmc_is_init        
   17dca CODE       _mmcUnlock          
   17e06 CODE       _mmcLock            
   17e3e CODE       _mmc_pins_on        
   17e62 CODE       __mmc_pins_map      
   17e84 CODE       _mmcInit_msp        
   17e96 CODE       _mmcReInit_card     
   17ee6 CODE       _mmcInit_card       
   17efa CODE       _mmcGoIdle          
   18252 CODE       _mmc_R1             
   1828e CODE       _mmc_R2             
   182ca CODE       _mmc_busy           
   18304 CODE       _mmc_R1b            
   1834a CODE       _mmc_dat_resp       
   183dc CODE       _mmc_token          
   18412 CODE       _mmcReadBlock       
   184fa CODE       _mmcReadBlocks      
   1865c CODE       _mmcWriteBlock      
   18756 CODE       _mmcWriteMultiBlock 
   188ae CODE       _mmcSendCmd         
   18920 CODE       _mmcErase           
   189f8 CODE       _mmcReadReg         
   18a72 CODE       _mmcGetCardSize     
   18bb6 CODE       _SD_DMA_is_enabled  
   18bba CODE       ___int32_mul        
   18bdc CODE       ___int16_div        
   18c02 CODE       ___int16_mod        
   18c28 CODE       ___int16_mul        
   18c3e CODE       ___int64_mul        
   18cac CODE       ___int64_lsl        
   18cbe CODE       ___int64_lsr        
   18d1e CODE       ___uint64_mod       
   18d3e CODE       ___uint16_div       
   18d56 CODE       ___uint16_mod       
   18d5e CODE       ___uint32_div       
   18d68 CODE       ___uint32_divmod    
   18d90 CODE       ___uint64_div       
   18db8 CODE       ___uint64_divmod    
   18df4 CODE       ___digit            
   18e3a CODE       ___getc             
   18e68 CODE       ___RAL_pow10        
   18ebe CODE       ___strtoul          
   18fdc CODE       ___putc             
   19026 CODE       ___RAL_print_padding
   19044 CODE       ___RAL_pre_padding  
   1906e CODE       _abs                
   1907e CODE       _atoi               
   190a4 CODE       _atol               
   190ce CODE       ___RAL_isctype      
   190ec CODE       _isupper            
   190fe CODE       _islower            
   19110 CODE       _isdigit            
   19120 CODE       _isspace            
   19130 CODE       _isprint            
   19142 CODE       _iscntrl            
   19154 CODE       ___errno            
   1915e CODE       _getchar            
   1917c CODE       ___RAL_global_locale_category
   1924c CODE       _printf             
   19288 CODE       _puts               
   192c2 CODE       _sprintf            
   192f2 CODE       _sscanf             
   19320 CODE       _strcat             
   19340 CODE       _strcmp             
   19360 CODE       _strcpy             
   19376 CODE       _strncmp            
   193a4 CODE       _strlcpy            
   193e8 CODE       _strnlen            
   19402 CODE       _strtol             
   194ae CODE       _strtoul            
   19562 CODE       ___RAL_init_mbstate 
   19570 CODE       ___RAL_ascii_mbtowc 
   195b6 CODE       ___RAL_ascii_wctomb 
   195de CODE       _memcpy             
   195ee CODE       _memset             
   195fe CODE       _strlen             
   1960e CODE       ___float32_isinf    
   19628 CODE       ___float32_isnan    
   19640 CODE       ___float32_signbit  
   19650 CODE       ___uint64_to_float32
   19774 CODE       ___float32_to_int64 
   19826 CODE       ___float32_add      
   19918 CODE       ___float32_sub      
   19924 CODE       ___float32_mul      
   199fc CODE       ___float32_div      
   19aba CODE       ___float32_lt       
   19ad6 CODE       ___float32_eq       
   19ae6 CODE       ___int16_to_float32 
   19af2 CODE       ___uint16_to_float32
   19afc CODE       ___uint16_to_float32_aux
   19b1c CODE       _modff              
   19bb2 CODE       _floorf             
   19bb2 CODE       _floor              
   19c82 CODE       _fmod               
   19c82 CODE       _fmodf              
   19df4 CODE       _fabsf              
   19dfa CODE       _ldexp              
   19e36 CODE       _frexp              
