
SYMBOLS BY NAME

      80            CTL_IRQ_STACK_SIZE  
    367a UDATA0     _ARC_bus_helper_task
    389a UDATA0     _ARC_bus_task       
   11cc2 CODE       _ARC_setup          
    cdf7 CONST      _ARClib_version     
   14c30 CODE       _ARClib_version_Cmd 
    ce0a CONST      _ARClib_vstruct     
   14b7a CODE       _ARCsearch_Cmd      
   11576 CODE       _BUS_I2C_release    
    3696 UDATA0     _BUS_INT_events     
   11514 CODE       _BUS_OA_check       
   118aa CODE       _BUS_SPI_txrx       
   114a4 CODE       _BUS_addr_to_flags  
   12bec CODE       _BUS_alarm_ticker_update
   114fa CODE       _BUS_cmd_init       
   1385e CODE       _BUS_cmd_resptostr  
   11612 CODE       _BUS_cmd_tx         
   136b2 CODE       _BUS_cmdtostr       
   135e2 CODE       _BUS_error_str      
   1142e CODE       _BUS_flags_to_addr  
   12b80 CODE       _BUS_free_alarm     
   129c0 CODE       _BUS_free_buffer    
   129ca CODE       _BUS_free_buffer_from_event
   113b2 CODE       _BUS_get_OA         
   12998 CODE       _BUS_get_buffer     
   12992 CODE       _BUS_get_buffer_size
    3698 UDATA0     _BUS_helper_events  
   12988 CODE       _BUS_init_buffer    
    369a UDATA0     _BUS_stack          
    4896 THREAD     _BUS_thread_addr_flags
   12b98 CODE       _BUS_timer_timeout_check
    3b3a UDATA0     _DMA_events         
    c512 ISR        _DMA_int            
   13e8a CODE       _ERR_lev_str        
   146d4 CODE       _I2C_addr_lookup    
   1471c CODE       _I2C_addr_revlookup 
    38fa UDATA0     _I2C_rx_buf         
    38f8 UDATA0     _I2C_rx_in          
    38f6 UDATA0     _I2C_rx_out         
   12ea8 CODE       _PMM_setVCore       
   12dee CODE       _PMM_setVCoreDown   
   12cf4 CODE       _PMM_setVCoreUp     
   1525c CODE       _SD_error_str       
   11bf6 CODE       _SPI_deactivate     
   11bc2 CODE       _SPI_master_setup   
   11bdc CODE       _SPI_slave_setup    
    38d2 UDATA0     _SUB_events         
    c5d8 ISR        _SYS_NMI            
   15582 CODE       _UCA2_Getc          
    c726 ISR        _UCA2_ISR           
    474a UDATA0     _UCA2_RxBuf         
    47ee UDATA0     _UCA2_TxBuf         
   15546 CODE       _UCA2_TxChar        
   1546a CODE       _UCA2_init_UART     
    efb8 CONST      ___RAL_ascii_ctype_map
   15e26 CODE       ___RAL_ascii_mbtowc 
   15e6c CODE       ___RAL_ascii_wctomb 
    f192 CONST      ___RAL_c_locale     
    f090 CONST      ___RAL_c_locale_abbrev_day_names
    f104 CONST      ___RAL_c_locale_abbrev_month_names
    f135 CONST      ___RAL_c_locale_am_pm_indicator
    f160 CONST      ___RAL_c_locale_data
    f13c CONST      ___RAL_c_locale_date_format
    f14e CONST      ___RAL_c_locale_date_time_format
    f056 CONST      ___RAL_c_locale_day_names
    f0ad CONST      ___RAL_c_locale_month_names
    f145 CONST      ___RAL_c_locale_time_format
    f046 CONST      ___RAL_codeset_ascii
    f15f CONST      ___RAL_data_empty_string
    f15d CONST      ___RAL_data_utf8_period
    1c24 IDATA0     ___RAL_global_locale
   15a80 CODE       ___RAL_global_locale_category
    ef90 CONST      ___RAL_hex_lc       
    ef80 CONST      ___RAL_hex_uc       
   15e18 CODE       ___RAL_init_mbstate 
   159e4 CODE       ___RAL_isctype      
   1577e CODE       ___RAL_pow10        
   1595a CODE       ___RAL_pre_padding  
   1593c CODE       ___RAL_print_padding
   11304 CODE       ___RAL_read_tp      
    1c00            ___RAM_Address      
    8000            ___RAM_Size         
    1c00            ___begin_IDATA0     
    4896            ___begin_THREAD     
    1c2e            ___begin_UDATA0     
     4c0            ___crt_mpy          
     4d2            ___crt_mpy32h       
     4d0            ___crt_mpy32l       
     4c8            ___crt_op2          
     4e2            ___crt_op2h         
     4e0            ___crt_op2l         
     4e4            ___crt_res0         
     4e6            ___crt_res1         
     4e8            ___crt_res2         
     4ea            ___crt_res3         
     4ca            ___crt_reslo        
   15738 CODE       ___digit            
    1c2e            ___end_IDATA0       
    489a            ___end_THREAD       
    4896            ___end_UDATA0       
   15a58 CODE       ___errno            
   160dc CODE       ___float32_add      
   162b2 CODE       ___float32_div      
   1638c CODE       ___float32_eq       
   15ec4 CODE       ___float32_isinf    
   15ede CODE       ___float32_isnan    
   16370 CODE       ___float32_lt       
   161da CODE       ___float32_mul      
    f19a CONST      ___float32_nan      
   15ef6 CODE       ___float32_signbit  
   161ce CODE       ___float32_sub      
   1602a CODE       ___float32_to_int64 
    f1ae CODE       ___getchar          
   155c0 CODE       ___int16_div        
   155e6 CODE       ___int16_mod        
   1560c CODE       ___int16_mul        
   1559e CODE       ___int32_mul        
   15622 CODE       ___int64_lsl        
   15634 CODE       ___int64_lsr        
   10a16 CODE       ___printf_lock      
   10a32 CODE       ___printf_unlock    
   158f2 CODE       ___putc             
    f19e CODE       ___putchar          
   157d4 CODE       ___strtoul          
    c702 ISR        ___thunk_ARClib_version_Cmd
    c6fe ISR        ___thunk_ARCsearch_Cmd
    c794 ISR        ___thunk___RAL_ascii_mbtowc
    c798 ISR        ___thunk___RAL_ascii_wctomb
    c000 ISR        ___thunk___putchar  
    c71e ISR        ___thunk_clearErrCmd
    c706 ISR        ___thunk_errReq_Cmd 
    c6e2 ISR        ___thunk_err_decode_arcbus
    c004 ISR        ___thunk_example_command
    c6e6 ISR        ___thunk_helpCmd    
    c722 ISR        ___thunk_logCmd     
    c70a ISR        ___thunk_priorityCmd
    c71a ISR        ___thunk_replayCmd  
    c6ee ISR        ___thunk_restCmd    
    c6fa ISR        ___thunk_spiCmd     
    c716 ISR        ___thunk_stackCmd   
    c712 ISR        ___thunk_statsCmd   
    c008 ISR        ___thunk_sub_events 
    c6ea ISR        ___thunk_terminal   
    c6f2 ISR        ___thunk_timeCmd    
    c70e ISR        ___thunk_timesliceCmd
    c6f6 ISR        ___thunk_txCmd      
   156b4 CODE       ___uint16_div       
   156cc CODE       ___uint16_mod       
   156d4 CODE       ___uint64_div       
   156fc CODE       ___uint64_divmod    
   15694 CODE       ___uint64_mod       
   15f06 CODE       ___uint64_to_float32
    1c22 IDATA0     ___ungot            
    4894 UDATA0     ___user_format_extender
    f3be CODE       ___vfprintf         
    f3be CODE       ___vfprintf_float_long_long
   13d9c CODE       __record_error      
   15984 CODE       _abs                
   1154a CODE       _addr_chk           
    418e UDATA0     _alarms             
    38d4 UDATA0     _arcBus_stat        
    1c16 IDATA0     _async_addr         
   12a70 CODE       _async_close        
   12aec CODE       _async_close_remote 
   129d8 CODE       _async_isOpen       
   129de CODE       _async_open_remote  
    4172 UDATA0     _async_rxQ          
   12b1a CODE       _async_send_data    
    1c18 IDATA0     _async_timer        
    4180 UDATA0     _async_txQ          
   15994 CODE       _atoi               
   159ba CODE       _atol               
    3f40 UDATA0     _buffer_mutex       
    e276 CONST      _busAddrSym         
    c014 ISR        _bus_I2C_isr        
    c450 ISR        _bus_SPI_isr        
   138e4 CODE       _bus_flags_tostr    
    c45c ISR        _bus_int            
    c592 ISR        _bus_resend         
   13904 CODE       _bus_version_err_tostr
   151b2 CODE       _clearErrCmd        
   13fde CODE       _clear_saved_errors 
    1c1a IDATA0     _closed_event       
    1c1c IDATA0     _closed_flag        
    1c12 IDATA0     _cmd_parse_list     
    c7d2 CONST      _cmd_tbl            
   11b4e CODE       _crc16              
   11b1c CODE       _crc7               
    3468 UDATA0     _crc_mutex          
   10e30 CODE       _ctl_byte_queue_init
   111fe CODE       _ctl_byte_queue_post
   10f78 CODE       _ctl_byte_queue_post_multi
   1111e CODE       _ctl_byte_queue_post_multi_nb
   11252 CODE       _ctl_byte_queue_post_nb
   1122c CODE       _ctl_byte_queue_receive
   11050 CODE       _ctl_byte_queue_receive_multi
   1118e CODE       _ctl_byte_queue_receive_multi_nb
   1126c CODE       _ctl_byte_queue_receive_nb
    33dc UDATA0     _ctl_current_time   
   1132e CODE       _ctl_enter_isr      
   10a46 CODE       _ctl_events_init    
   10bda CODE       _ctl_events_set_clear
   10a5a CODE       _ctl_events_wait    
   11362 CODE       _ctl_exit_isr       
   109fe CODE       _ctl_get_current_time
   1139a CODE       _ctl_global_interrupts_set
   12ee8 CODE       _ctl_handle_error   
   10984 CODE       _ctl_increment_tick_from_isr
    33e1 UDATA0     _ctl_interrupt_count
    33d8 UDATA0     _ctl_last_schedule_time
    1c06 IDATA0     _ctl_libc_mutex     
   10c3a CODE       _ctl_mutex_init     
   10c66 CODE       _ctl_mutex_lock     
   10c52 CODE       _ctl_mutex_lock_uc  
   10d6a CODE       _ctl_mutex_unlock   
   106b4 CODE       _ctl_private_add_to_task_list
   10b56 CODE       _ctl_private_events_schedule
   11280 CODE       _ctl_private_get_stack_start
   11286 CODE       _ctl_private_get_thread_local_storage
   1128c CODE       _ctl_private_init_registers
   112ee CODE       _ctl_private_init_thread_local_storage
   10702 CODE       _ctl_private_remove_from_task_list
   1073c CODE       _ctl_private_reschedule
   11312 CODE       _ctl_private_reschedule_from_api_call
    33e0 UDATA0     _ctl_reschedule_on_last_isr_exit
   108dc CODE       _ctl_task_die       
    33e2 UDATA0     _ctl_task_executing 
   10814 CODE       _ctl_task_init      
    33e4 UDATA0     _ctl_task_list      
   10850 CODE       _ctl_task_run       
   10904 CODE       _ctl_task_set_priority
    33d6 UDATA0     _ctl_task_switch_callout
    1c04 IDATA0     _ctl_time_increment 
   10942 CODE       _ctl_timeout_wait   
    1c00 IDATA0     _ctl_timeslice_period
   14380 CODE       _doCmd              
   14c42 CODE       _errReq_Cmd         
   12efa CODE       _err_decode_arcbus  
   13ec8 CODE       _err_do_decode      
   13c14 CODE       _err_register_handler
   13ccc CODE       _error_init         
   14010 CODE       _error_log_mem_replay
   14092 CODE       _error_log_replay   
   13cee CODE       _error_recording_start
    f22e CODE       _example_command    
   16674 CODE       _fabsf              
   16432 CODE       _floor              
   16432 CODE       _floorf             
   16502 CODE       _fmod               
   16502 CODE       _fmodf              
   166b6 CODE       _frexp              
   14754 CODE       _getI2C_addr        
   13d96 CODE       _get_error_level    
   11b82 CODE       _get_ticker_time    
   15a62 CODE       _getchar            
   142ce CODE       _helpCmd            
    3486 UDATA0     _helper_stack       
   14410 CODE       _hist_decr          
   14404 CODE       _hist_incr          
    38b6 UDATA0     _idle_task          
   11d56 CODE       _initARCbus         
   11c06 CODE       _initCLK            
   11c6c CODE       _initSVS            
   11c50 CODE       _init_timerA        
   15a46 CODE       _iscntrl            
   15a26 CODE       _isdigit            
   15a14 CODE       _islower            
   15a36 CODE       _isspace            
   15a02 CODE       _isupper            
   1667a CODE       _ldexp              
   151d6 CODE       _logCmd             
    f1b4 CODE       _main               
   1293e CODE       _mainLoop           
   139b8 CODE       _main_return        
   14264 CODE       _make_args          
   15e94 CODE       _memcpy             
   15ea4 CODE       _memset             
   1639c CODE       _modff              
    41ae UDATA0     _next_idx           
   1504c CODE       _parse_log_level    
    1c10 IDATA0     _powerState         
   13f50 CODE       _print_error        
   14154 CODE       _print_spi_err      
   15b50 CODE       _printf             
   14e02 CODE       _priorityCmd        
   15b8c CODE       _puts               
   11e54 CODE       _readTA1            
   13e46 CODE       _record_error       
   15126 CODE       _replayCmd          
   13f9e CODE       _report_error       
   13986 CODE       _reset_bor          
   1481e CODE       _restCmd            
    3f46 UDATA0     _rxbuf              
    419e UDATA0     _saved_error        
   13d8a CODE       _set_error_level    
   11b9a CODE       _setget_ticker_time 
   14a68 CODE       _spiCmd             
   15bc6 CODE       _sprintf            
   15002 CODE       _stackCmd           
   11c64 CODE       _start_timerA       
   139cc CODE       _startup_error_check
   14f1e CODE       _stateName          
   14fa0 CODE       _statsCmd           
   15bf6 CODE       _strcmp             
   15c16 CODE       _strcpy             
   15c5a CODE       _strlcpy            
   15eb4 CODE       _strlen             
   15c2c CODE       _strncmp            
   15c9e CODE       _strnlen            
   15cb8 CODE       _strtol             
   15d64 CODE       _strtoul            
    f2b2 CODE       _sub_events         
    1c2e UDATA0     _sub_stack          
    339e UDATA0     _sub_task           
    c558 ISR        _task_tick          
   1441c CODE       _terminal           
    23fe UDATA0     _terminal_stack     
    33ba UDATA0     _terminal_task      
    346e UDATA0     _ticker_time        
   148d4 CODE       _timeCmd            
   14eb6 CODE       _timesliceCmd       
   148ea CODE       _txCmd              
    4072 UDATA0     _txbuf              
    ce48 CONST      thread_init_begin   
    ce4c CONST      thread_init_end     


SYMBOLS BY VALUE

      80            CTL_IRQ_STACK_SIZE  
     4c0            ___crt_mpy          
     4c8            ___crt_op2          
     4ca            ___crt_reslo        
     4d0            ___crt_mpy32l       
     4d2            ___crt_mpy32h       
     4e0            ___crt_op2l         
     4e2            ___crt_op2h         
     4e4            ___crt_res0         
     4e6            ___crt_res1         
     4e8            ___crt_res2         
     4ea            ___crt_res3         
    1c00            ___begin_IDATA0     
    1c00            ___RAM_Address      
    1c00 IDATA0     _ctl_timeslice_period
    1c04 IDATA0     _ctl_time_increment 
    1c06 IDATA0     _ctl_libc_mutex     
    1c10 IDATA0     _powerState         
    1c12 IDATA0     _cmd_parse_list     
    1c16 IDATA0     _async_addr         
    1c18 IDATA0     _async_timer        
    1c1a IDATA0     _closed_event       
    1c1c IDATA0     _closed_flag        
    1c22 IDATA0     ___ungot            
    1c24 IDATA0     ___RAL_global_locale
    1c2e            ___end_IDATA0       
    1c2e UDATA0     _sub_stack          
    1c2e            ___begin_UDATA0     
    23fe UDATA0     _terminal_stack     
    339e UDATA0     _sub_task           
    33ba UDATA0     _terminal_task      
    33d6 UDATA0     _ctl_task_switch_callout
    33d8 UDATA0     _ctl_last_schedule_time
    33dc UDATA0     _ctl_current_time   
    33e0 UDATA0     _ctl_reschedule_on_last_isr_exit
    33e1 UDATA0     _ctl_interrupt_count
    33e2 UDATA0     _ctl_task_executing 
    33e4 UDATA0     _ctl_task_list      
    3468 UDATA0     _crc_mutex          
    346e UDATA0     _ticker_time        
    3486 UDATA0     _helper_stack       
    367a UDATA0     _ARC_bus_helper_task
    3696 UDATA0     _BUS_INT_events     
    3698 UDATA0     _BUS_helper_events  
    369a UDATA0     _BUS_stack          
    389a UDATA0     _ARC_bus_task       
    38b6 UDATA0     _idle_task          
    38d2 UDATA0     _SUB_events         
    38d4 UDATA0     _arcBus_stat        
    38f6 UDATA0     _I2C_rx_out         
    38f8 UDATA0     _I2C_rx_in          
    38fa UDATA0     _I2C_rx_buf         
    3b3a UDATA0     _DMA_events         
    3f40 UDATA0     _buffer_mutex       
    3f46 UDATA0     _rxbuf              
    4072 UDATA0     _txbuf              
    4172 UDATA0     _async_rxQ          
    4180 UDATA0     _async_txQ          
    418e UDATA0     _alarms             
    419e UDATA0     _saved_error        
    41ae UDATA0     _next_idx           
    474a UDATA0     _UCA2_RxBuf         
    47ee UDATA0     _UCA2_TxBuf         
    4894 UDATA0     ___user_format_extender
    4896            ___end_UDATA0       
    4896            ___begin_THREAD     
    4896 THREAD     _BUS_thread_addr_flags
    489a            ___end_THREAD       
    8000            ___RAM_Size         
    c000 ISR        ___thunk___putchar  
    c004 ISR        ___thunk_example_command
    c008 ISR        ___thunk_sub_events 
    c014 ISR        _bus_I2C_isr        
    c450 ISR        _bus_SPI_isr        
    c45c ISR        _bus_int            
    c512 ISR        _DMA_int            
    c558 ISR        _task_tick          
    c592 ISR        _bus_resend         
    c5d8 ISR        _SYS_NMI            
    c6e2 ISR        ___thunk_err_decode_arcbus
    c6e6 ISR        ___thunk_helpCmd    
    c6ea ISR        ___thunk_terminal   
    c6ee ISR        ___thunk_restCmd    
    c6f2 ISR        ___thunk_timeCmd    
    c6f6 ISR        ___thunk_txCmd      
    c6fa ISR        ___thunk_spiCmd     
    c6fe ISR        ___thunk_ARCsearch_Cmd
    c702 ISR        ___thunk_ARClib_version_Cmd
    c706 ISR        ___thunk_errReq_Cmd 
    c70a ISR        ___thunk_priorityCmd
    c70e ISR        ___thunk_timesliceCmd
    c712 ISR        ___thunk_statsCmd   
    c716 ISR        ___thunk_stackCmd   
    c71a ISR        ___thunk_replayCmd  
    c71e ISR        ___thunk_clearErrCmd
    c722 ISR        ___thunk_logCmd     
    c726 ISR        _UCA2_ISR           
    c794 ISR        ___thunk___RAL_ascii_mbtowc
    c798 ISR        ___thunk___RAL_ascii_wctomb
    c7d2 CONST      _cmd_tbl            
    cdf7 CONST      _ARClib_version     
    ce0a CONST      _ARClib_vstruct     
    ce48 CONST      thread_init_begin   
    ce4c CONST      thread_init_end     
    e276 CONST      _busAddrSym         
    ef80 CONST      ___RAL_hex_uc       
    ef90 CONST      ___RAL_hex_lc       
    efb8 CONST      ___RAL_ascii_ctype_map
    f046 CONST      ___RAL_codeset_ascii
    f056 CONST      ___RAL_c_locale_day_names
    f090 CONST      ___RAL_c_locale_abbrev_day_names
    f0ad CONST      ___RAL_c_locale_month_names
    f104 CONST      ___RAL_c_locale_abbrev_month_names
    f135 CONST      ___RAL_c_locale_am_pm_indicator
    f13c CONST      ___RAL_c_locale_date_format
    f145 CONST      ___RAL_c_locale_time_format
    f14e CONST      ___RAL_c_locale_date_time_format
    f15d CONST      ___RAL_data_utf8_period
    f15f CONST      ___RAL_data_empty_string
    f160 CONST      ___RAL_c_locale_data
    f192 CONST      ___RAL_c_locale     
    f19a CONST      ___float32_nan      
    f19e CODE       ___putchar          
    f1ae CODE       ___getchar          
    f1b4 CODE       _main               
    f22e CODE       _example_command    
    f2b2 CODE       _sub_events         
    f3be CODE       ___vfprintf_float_long_long
    f3be CODE       ___vfprintf         
   106b4 CODE       _ctl_private_add_to_task_list
   10702 CODE       _ctl_private_remove_from_task_list
   1073c CODE       _ctl_private_reschedule
   10814 CODE       _ctl_task_init      
   10850 CODE       _ctl_task_run       
   108dc CODE       _ctl_task_die       
   10904 CODE       _ctl_task_set_priority
   10942 CODE       _ctl_timeout_wait   
   10984 CODE       _ctl_increment_tick_from_isr
   109fe CODE       _ctl_get_current_time
   10a16 CODE       ___printf_lock      
   10a32 CODE       ___printf_unlock    
   10a46 CODE       _ctl_events_init    
   10a5a CODE       _ctl_events_wait    
   10b56 CODE       _ctl_private_events_schedule
   10bda CODE       _ctl_events_set_clear
   10c3a CODE       _ctl_mutex_init     
   10c52 CODE       _ctl_mutex_lock_uc  
   10c66 CODE       _ctl_mutex_lock     
   10d6a CODE       _ctl_mutex_unlock   
   10e30 CODE       _ctl_byte_queue_init
   10f78 CODE       _ctl_byte_queue_post_multi
   11050 CODE       _ctl_byte_queue_receive_multi
   1111e CODE       _ctl_byte_queue_post_multi_nb
   1118e CODE       _ctl_byte_queue_receive_multi_nb
   111fe CODE       _ctl_byte_queue_post
   1122c CODE       _ctl_byte_queue_receive
   11252 CODE       _ctl_byte_queue_post_nb
   1126c CODE       _ctl_byte_queue_receive_nb
   11280 CODE       _ctl_private_get_stack_start
   11286 CODE       _ctl_private_get_thread_local_storage
   1128c CODE       _ctl_private_init_registers
   112ee CODE       _ctl_private_init_thread_local_storage
   11304 CODE       ___RAL_read_tp      
   11312 CODE       _ctl_private_reschedule_from_api_call
   1132e CODE       _ctl_enter_isr      
   11362 CODE       _ctl_exit_isr       
   1139a CODE       _ctl_global_interrupts_set
   113b2 CODE       _BUS_get_OA         
   1142e CODE       _BUS_flags_to_addr  
   114a4 CODE       _BUS_addr_to_flags  
   114fa CODE       _BUS_cmd_init       
   11514 CODE       _BUS_OA_check       
   1154a CODE       _addr_chk           
   11576 CODE       _BUS_I2C_release    
   11612 CODE       _BUS_cmd_tx         
   118aa CODE       _BUS_SPI_txrx       
   11b1c CODE       _crc7               
   11b4e CODE       _crc16              
   11b82 CODE       _get_ticker_time    
   11b9a CODE       _setget_ticker_time 
   11bc2 CODE       _SPI_master_setup   
   11bdc CODE       _SPI_slave_setup    
   11bf6 CODE       _SPI_deactivate     
   11c06 CODE       _initCLK            
   11c50 CODE       _init_timerA        
   11c64 CODE       _start_timerA       
   11c6c CODE       _initSVS            
   11cc2 CODE       _ARC_setup          
   11d56 CODE       _initARCbus         
   11e54 CODE       _readTA1            
   1293e CODE       _mainLoop           
   12988 CODE       _BUS_init_buffer    
   12992 CODE       _BUS_get_buffer_size
   12998 CODE       _BUS_get_buffer     
   129c0 CODE       _BUS_free_buffer    
   129ca CODE       _BUS_free_buffer_from_event
   129d8 CODE       _async_isOpen       
   129de CODE       _async_open_remote  
   12a70 CODE       _async_close        
   12aec CODE       _async_close_remote 
   12b1a CODE       _async_send_data    
   12b80 CODE       _BUS_free_alarm     
   12b98 CODE       _BUS_timer_timeout_check
   12bec CODE       _BUS_alarm_ticker_update
   12cf4 CODE       _PMM_setVCoreUp     
   12dee CODE       _PMM_setVCoreDown   
   12ea8 CODE       _PMM_setVCore       
   12ee8 CODE       _ctl_handle_error   
   12efa CODE       _err_decode_arcbus  
   135e2 CODE       _BUS_error_str      
   136b2 CODE       _BUS_cmdtostr       
   1385e CODE       _BUS_cmd_resptostr  
   138e4 CODE       _bus_flags_tostr    
   13904 CODE       _bus_version_err_tostr
   13986 CODE       _reset_bor          
   139b8 CODE       _main_return        
   139cc CODE       _startup_error_check
   13c14 CODE       _err_register_handler
   13ccc CODE       _error_init         
   13cee CODE       _error_recording_start
   13d8a CODE       _set_error_level    
   13d96 CODE       _get_error_level    
   13d9c CODE       __record_error      
   13e46 CODE       _record_error       
   13e8a CODE       _ERR_lev_str        
   13ec8 CODE       _err_do_decode      
   13f50 CODE       _print_error        
   13f9e CODE       _report_error       
   13fde CODE       _clear_saved_errors 
   14010 CODE       _error_log_mem_replay
   14092 CODE       _error_log_replay   
   14154 CODE       _print_spi_err      
   14264 CODE       _make_args          
   142ce CODE       _helpCmd            
   14380 CODE       _doCmd              
   14404 CODE       _hist_incr          
   14410 CODE       _hist_decr          
   1441c CODE       _terminal           
   146d4 CODE       _I2C_addr_lookup    
   1471c CODE       _I2C_addr_revlookup 
   14754 CODE       _getI2C_addr        
   1481e CODE       _restCmd            
   148d4 CODE       _timeCmd            
   148ea CODE       _txCmd              
   14a68 CODE       _spiCmd             
   14b7a CODE       _ARCsearch_Cmd      
   14c30 CODE       _ARClib_version_Cmd 
   14c42 CODE       _errReq_Cmd         
   14e02 CODE       _priorityCmd        
   14eb6 CODE       _timesliceCmd       
   14f1e CODE       _stateName          
   14fa0 CODE       _statsCmd           
   15002 CODE       _stackCmd           
   1504c CODE       _parse_log_level    
   15126 CODE       _replayCmd          
   151b2 CODE       _clearErrCmd        
   151d6 CODE       _logCmd             
   1525c CODE       _SD_error_str       
   1546a CODE       _UCA2_init_UART     
   15546 CODE       _UCA2_TxChar        
   15582 CODE       _UCA2_Getc          
   1559e CODE       ___int32_mul        
   155c0 CODE       ___int16_div        
   155e6 CODE       ___int16_mod        
   1560c CODE       ___int16_mul        
   15622 CODE       ___int64_lsl        
   15634 CODE       ___int64_lsr        
   15694 CODE       ___uint64_mod       
   156b4 CODE       ___uint16_div       
   156cc CODE       ___uint16_mod       
   156d4 CODE       ___uint64_div       
   156fc CODE       ___uint64_divmod    
   15738 CODE       ___digit            
   1577e CODE       ___RAL_pow10        
   157d4 CODE       ___strtoul          
   158f2 CODE       ___putc             
   1593c CODE       ___RAL_print_padding
   1595a CODE       ___RAL_pre_padding  
   15984 CODE       _abs                
   15994 CODE       _atoi               
   159ba CODE       _atol               
   159e4 CODE       ___RAL_isctype      
   15a02 CODE       _isupper            
   15a14 CODE       _islower            
   15a26 CODE       _isdigit            
   15a36 CODE       _isspace            
   15a46 CODE       _iscntrl            
   15a58 CODE       ___errno            
   15a62 CODE       _getchar            
   15a80 CODE       ___RAL_global_locale_category
   15b50 CODE       _printf             
   15b8c CODE       _puts               
   15bc6 CODE       _sprintf            
   15bf6 CODE       _strcmp             
   15c16 CODE       _strcpy             
   15c2c CODE       _strncmp            
   15c5a CODE       _strlcpy            
   15c9e CODE       _strnlen            
   15cb8 CODE       _strtol             
   15d64 CODE       _strtoul            
   15e18 CODE       ___RAL_init_mbstate 
   15e26 CODE       ___RAL_ascii_mbtowc 
   15e6c CODE       ___RAL_ascii_wctomb 
   15e94 CODE       _memcpy             
   15ea4 CODE       _memset             
   15eb4 CODE       _strlen             
   15ec4 CODE       ___float32_isinf    
   15ede CODE       ___float32_isnan    
   15ef6 CODE       ___float32_signbit  
   15f06 CODE       ___uint64_to_float32
   1602a CODE       ___float32_to_int64 
   160dc CODE       ___float32_add      
   161ce CODE       ___float32_sub      
   161da CODE       ___float32_mul      
   162b2 CODE       ___float32_div      
   16370 CODE       ___float32_lt       
   1638c CODE       ___float32_eq       
   1639c CODE       _modff              
   16432 CODE       _floor              
   16432 CODE       _floorf             
   16502 CODE       _fmodf              
   16502 CODE       _fmod               
   16674 CODE       _fabsf              
   1667a CODE       _ldexp              
   166b6 CODE       _frexp              
