
SYMBOLS BY NAME

      80            CTL_IRQ_STACK_SIZE  
    3e68 UDATA0     _ARC_bus_helper_task
    4088 UDATA0     _ARC_bus_task       
   11d9e CODE       _ARC_setup          
    cec9 CONST      _ARClib_version     
   14b72 CODE       _ARClib_version_Cmd 
    cedc CONST      _ARClib_vstruct     
   14abc CODE       _ARCsearch_Cmd      
   11652 CODE       _BUS_I2C_release    
    3e84 UDATA0     _BUS_INT_events     
   115f0 CODE       _BUS_OA_check       
   11986 CODE       _BUS_SPI_txrx       
   11580 CODE       _BUS_addr_to_flags  
   12c3e CODE       _BUS_alarm_ticker_update
   115d6 CODE       _BUS_cmd_init       
   138b0 CODE       _BUS_cmd_resptostr  
   116ee CODE       _BUS_cmd_tx         
   13704 CODE       _BUS_cmdtostr       
   13634 CODE       _BUS_error_str      
   1150a CODE       _BUS_flags_to_addr  
   12bd2 CODE       _BUS_free_alarm     
   12a9c CODE       _BUS_free_buffer    
   1148e CODE       _BUS_get_OA         
   12a74 CODE       _BUS_get_buffer     
   12a6e CODE       _BUS_get_buffer_size
    3e86 UDATA0     _BUS_helper_events  
   12a64 CODE       _BUS_init_buffer    
    3e88 UDATA0     _BUS_stack          
    5084 THREAD     _BUS_thread_addr_flags
   12bea CODE       _BUS_timer_timeout_check
    4328 UDATA0     _DMA_events         
    c51a ISR        _DMA_int            
   13edc CODE       _ERR_lev_str        
   14616 CODE       _I2C_addr_lookup    
   1465e CODE       _I2C_addr_revlookup 
    40e8 UDATA0     _I2C_rx_buf         
    40e6 UDATA0     _I2C_rx_in          
    40e4 UDATA0     _I2C_rx_out         
   12efa CODE       _PMM_setVCore       
   12e40 CODE       _PMM_setVCoreDown   
   12d46 CODE       _PMM_setVCoreUp     
   1519e CODE       _SD_error_str       
   11cd2 CODE       _SPI_deactivate     
   11c9e CODE       _SPI_master_setup   
   11cb8 CODE       _SPI_slave_setup    
    40c0 UDATA0     _SUB_events         
    c5e0 ISR        _SYS_NMI            
    3bc2 UDATA0     _SYS_evt            
   154c4 CODE       _UCA2_Getc          
    c72e ISR        _UCA2_ISR           
    4f38 UDATA0     _UCA2_RxBuf         
    4fdc UDATA0     _UCA2_TxBuf         
   15488 CODE       _UCA2_TxChar        
   153ac CODE       _UCA2_init_UART     
    f00c CONST      ___RAL_ascii_ctype_map
   15d68 CODE       ___RAL_ascii_mbtowc 
   15dae CODE       ___RAL_ascii_wctomb 
    f1e6 CONST      ___RAL_c_locale     
    f0e4 CONST      ___RAL_c_locale_abbrev_day_names
    f158 CONST      ___RAL_c_locale_abbrev_month_names
    f189 CONST      ___RAL_c_locale_am_pm_indicator
    f1b4 CONST      ___RAL_c_locale_data
    f190 CONST      ___RAL_c_locale_date_format
    f1a2 CONST      ___RAL_c_locale_date_time_format
    f0aa CONST      ___RAL_c_locale_day_names
    f101 CONST      ___RAL_c_locale_month_names
    f199 CONST      ___RAL_c_locale_time_format
    f09a CONST      ___RAL_codeset_ascii
    f1b3 CONST      ___RAL_data_empty_string
    f1b1 CONST      ___RAL_data_utf8_period
    1c24 IDATA0     ___RAL_global_locale
   159c2 CODE       ___RAL_global_locale_category
    efe4 CONST      ___RAL_hex_lc       
    efd4 CONST      ___RAL_hex_uc       
   15d5a CODE       ___RAL_init_mbstate 
   15926 CODE       ___RAL_isctype      
   156c0 CODE       ___RAL_pow10        
   1589c CODE       ___RAL_pre_padding  
   1587e CODE       ___RAL_print_padding
   113e0 CODE       ___RAL_read_tp      
    1c00            ___RAM_Address      
    8000            ___RAM_Size         
    1c00            ___begin_IDATA0     
    5084            ___begin_THREAD     
    1c2e            ___begin_UDATA0     
     4c0            ___crt_mpy          
     4d2            ___crt_mpy32h       
     4d0            ___crt_mpy32l       
     4c8            ___crt_op2          
     4e2            ___crt_op2h         
     4e0            ___crt_op2l         
     4e4            ___crt_res0         
     4e6            ___crt_res1         
     4e8            ___crt_res2         
     4ea            ___crt_res3         
     4ca            ___crt_reslo        
   1567a CODE       ___digit            
    1c2e            ___end_IDATA0       
    5088            ___end_THREAD       
    5084            ___end_UDATA0       
   1599a CODE       ___errno            
   1601e CODE       ___float32_add      
   161f4 CODE       ___float32_div      
   162ce CODE       ___float32_eq       
   15e06 CODE       ___float32_isinf    
   15e20 CODE       ___float32_isnan    
   162b2 CODE       ___float32_lt       
   1611c CODE       ___float32_mul      
    f1ee CONST      ___float32_nan      
   15e38 CODE       ___float32_signbit  
   16110 CODE       ___float32_sub      
   15f6c CODE       ___float32_to_int64 
    f202 CODE       ___getchar          
   15502 CODE       ___int16_div        
   15528 CODE       ___int16_mod        
   1554e CODE       ___int16_mul        
   154e0 CODE       ___int32_mul        
   15564 CODE       ___int64_lsl        
   15576 CODE       ___int64_lsr        
   10af2 CODE       ___printf_lock      
   10b0e CODE       ___printf_unlock    
   15834 CODE       ___putc             
    f1f2 CODE       ___putchar          
   15716 CODE       ___strtoul          
    c70a ISR        ___thunk_ARClib_version_Cmd
    c706 ISR        ___thunk_ARCsearch_Cmd
    c79c ISR        ___thunk___RAL_ascii_mbtowc
    c7a0 ISR        ___thunk___RAL_ascii_wctomb
    c000 ISR        ___thunk___putchar  
    c726 ISR        ___thunk_clearErrCmd
    c70e ISR        ___thunk_errReq_Cmd 
    c6ea ISR        ___thunk_err_decode_arcbus
    c004 ISR        ___thunk_example_command
    c008 ISR        ___thunk_example_timer_IR
    c6ee ISR        ___thunk_helpCmd    
    c72a ISR        ___thunk_logCmd     
    c712 ISR        ___thunk_priorityCmd
    c722 ISR        ___thunk_replayCmd  
    c6f6 ISR        ___thunk_restCmd    
    c702 ISR        ___thunk_spiCmd     
    c71e ISR        ___thunk_stackCmd   
    c71a ISR        ___thunk_statsCmd   
    c00c ISR        ___thunk_sub_events 
    c010 ISR        ___thunk_sys_events 
    c6f2 ISR        ___thunk_terminal   
    c6fa ISR        ___thunk_timeCmd    
    c716 ISR        ___thunk_timesliceCmd
    c6fe ISR        ___thunk_txCmd      
   155f6 CODE       ___uint16_div       
   1560e CODE       ___uint16_mod       
   15616 CODE       ___uint64_div       
   1563e CODE       ___uint64_divmod    
   155d6 CODE       ___uint64_mod       
   15e48 CODE       ___uint64_to_float32
    1c22 IDATA0     ___ungot            
    5082 UDATA0     ___user_format_extender
    f474 CODE       ___vfprintf         
    f474 CODE       ___vfprintf_float_long_long
   13dee CODE       __record_error      
   158c6 CODE       _abs                
   11626 CODE       _addr_chk           
    497c UDATA0     _alarms             
    40c2 UDATA0     _arcBus_stat        
    1c16 IDATA0     _async_addr         
   12b3e CODE       _async_close_remote 
   12aa6 CODE       _async_isOpen       
   12aac CODE       _async_open_remote  
    4960 UDATA0     _async_rxQ          
   12b6c CODE       _async_send_data    
    1c18 IDATA0     _async_timer        
    496e UDATA0     _async_txQ          
   158d6 CODE       _atoi               
   158fc CODE       _atol               
    472e UDATA0     _buffer_mutex       
    e2ca CONST      _busAddrSym         
    c01c ISR        _bus_I2C_isr        
    c458 ISR        _bus_SPI_isr        
   13936 CODE       _bus_flags_tostr    
    c464 ISR        _bus_int            
    c59a ISR        _bus_resend         
   13956 CODE       _bus_version_err_tostr
   150f4 CODE       _clearErrCmd        
   14030 CODE       _clear_saved_errors 
    1c1a IDATA0     _closed_event       
    1c1c IDATA0     _closed_flag        
    1c12 IDATA0     _cmd_parse_list     
    c7e4 CONST      _cmd_tbl            
   11c2a CODE       _crc16              
   11bf8 CODE       _crc7               
    3c56 UDATA0     _crc_mutex          
   10f0c CODE       _ctl_byte_queue_init
   112da CODE       _ctl_byte_queue_post
   11054 CODE       _ctl_byte_queue_post_multi
   111fa CODE       _ctl_byte_queue_post_multi_nb
   1132e CODE       _ctl_byte_queue_post_nb
   11308 CODE       _ctl_byte_queue_receive
   1112c CODE       _ctl_byte_queue_receive_multi
   1126a CODE       _ctl_byte_queue_receive_multi_nb
   11348 CODE       _ctl_byte_queue_receive_nb
    3bca UDATA0     _ctl_current_time   
   1140a CODE       _ctl_enter_isr      
   10b22 CODE       _ctl_events_init    
   10cb6 CODE       _ctl_events_set_clear
   10b36 CODE       _ctl_events_wait    
   1143e CODE       _ctl_exit_isr       
   10ada CODE       _ctl_get_current_time
   11476 CODE       _ctl_global_interrupts_set
   12f3a CODE       _ctl_handle_error   
   10a60 CODE       _ctl_increment_tick_from_isr
    3bcf UDATA0     _ctl_interrupt_count
    3bc6 UDATA0     _ctl_last_schedule_time
    1c06 IDATA0     _ctl_libc_mutex     
   10d16 CODE       _ctl_mutex_init     
   10d42 CODE       _ctl_mutex_lock     
   10d2e CODE       _ctl_mutex_lock_uc  
   10e46 CODE       _ctl_mutex_unlock   
   10790 CODE       _ctl_private_add_to_task_list
   10c32 CODE       _ctl_private_events_schedule
   1135c CODE       _ctl_private_get_stack_start
   11362 CODE       _ctl_private_get_thread_local_storage
   11368 CODE       _ctl_private_init_registers
   113ca CODE       _ctl_private_init_thread_local_storage
   107de CODE       _ctl_private_remove_from_task_list
   10818 CODE       _ctl_private_reschedule
   113ee CODE       _ctl_private_reschedule_from_api_call
    3bce UDATA0     _ctl_reschedule_on_last_isr_exit
   109b8 CODE       _ctl_task_die       
    3bd0 UDATA0     _ctl_task_executing 
   108f0 CODE       _ctl_task_init      
    3bd2 UDATA0     _ctl_task_list      
   1092c CODE       _ctl_task_run       
   109e0 CODE       _ctl_task_set_priority
    3bc4 UDATA0     _ctl_task_switch_callout
    1c04 IDATA0     _ctl_time_increment 
   10a1e CODE       _ctl_timeout_wait   
    1c00 IDATA0     _ctl_timeslice_period
   142c2 CODE       _doCmd              
   14b84 CODE       _errReq_Cmd         
   12f4c CODE       _err_decode_arcbus  
   13f1a CODE       _err_do_decode      
   13c66 CODE       _err_register_handler
   13d1e CODE       _error_init         
   14062 CODE       _error_log_mem_replay
   140e4 CODE       _error_log_replay   
   13d40 CODE       _error_recording_start
    f2fa CODE       _example_command    
    f37e CODE       _example_timer_IR   
   165b6 CODE       _fabsf              
   16374 CODE       _floor              
   16374 CODE       _floorf             
   16444 CODE       _fmod               
   16444 CODE       _fmodf              
   165f8 CODE       _frexp              
   14696 CODE       _getI2C_addr        
   13de8 CODE       _get_error_level    
   11c5e CODE       _get_ticker_time    
   159a4 CODE       _getchar            
   14210 CODE       _helpCmd            
    3c74 UDATA0     _helper_stack       
   14352 CODE       _hist_decr          
   14346 CODE       _hist_incr          
    40a4 UDATA0     _idle_task          
   11e32 CODE       _initARCbus         
   11ce2 CODE       _initCLK            
   11d48 CODE       _initSVS            
   11d2c CODE       _init_timerA        
   15988 CODE       _iscntrl            
   15968 CODE       _isdigit            
   15956 CODE       _islower            
   15978 CODE       _isspace            
   15944 CODE       _isupper            
   165bc CODE       _ldexp              
   15118 CODE       _logCmd             
    f208 CODE       _main               
   12a1a CODE       _mainLoop           
   13a0a CODE       _main_return        
   141a6 CODE       _make_args          
   15dd6 CODE       _memcpy             
   15de6 CODE       _memset             
   162de CODE       _modff              
    499c UDATA0     _next_idx           
   14f8e CODE       _parse_log_level    
    1c10 IDATA0     _powerState         
   13fa2 CODE       _print_error        
   15a92 CODE       _printf             
   14d44 CODE       _priorityCmd        
   15ace CODE       _puts               
   11f30 CODE       _readTA1            
   13e98 CODE       _record_error       
   15068 CODE       _replayCmd          
   13ff0 CODE       _report_error       
   139d8 CODE       _reset_bor          
   14760 CODE       _restCmd            
    4734 UDATA0     _rxbuf              
    498c UDATA0     _saved_error        
   13ddc CODE       _set_error_level    
   11c76 CODE       _setget_ticker_time 
   149aa CODE       _spiCmd             
   15b08 CODE       _sprintf            
   14f44 CODE       _stackCmd           
   11d40 CODE       _start_timerA       
   13a1e CODE       _startup_error_check
   14e60 CODE       _stateName          
   14ee2 CODE       _statsCmd           
   15b38 CODE       _strcmp             
   15b58 CODE       _strcpy             
   15b9c CODE       _strlcpy            
   15df6 CODE       _strlen             
   15b6e CODE       _strncmp            
   15be0 CODE       _strnlen            
   15bfa CODE       _strtol             
   15ca6 CODE       _strtoul            
    f38c CODE       _sub_events         
    1c2e UDATA0     _sub_stack          
    3b8a UDATA0     _sub_task           
    f41c CODE       _sys_events         
    23fe UDATA0     _sys_stack          
    3b6e UDATA0     _sys_task           
    c560 ISR        _task_tick          
   1435e CODE       _terminal           
    2bce UDATA0     _terminal_stack     
    3ba6 UDATA0     _terminal_task      
    3c5c UDATA0     _ticker_time        
   14816 CODE       _timeCmd            
   14df8 CODE       _timesliceCmd       
   1482c CODE       _txCmd              
    4860 UDATA0     _txbuf              
    cf1a CONST      thread_init_begin   
    cf1e CONST      thread_init_end     


SYMBOLS BY VALUE

      80            CTL_IRQ_STACK_SIZE  
     4c0            ___crt_mpy          
     4c8            ___crt_op2          
     4ca            ___crt_reslo        
     4d0            ___crt_mpy32l       
     4d2            ___crt_mpy32h       
     4e0            ___crt_op2l         
     4e2            ___crt_op2h         
     4e4            ___crt_res0         
     4e6            ___crt_res1         
     4e8            ___crt_res2         
     4ea            ___crt_res3         
    1c00 IDATA0     _ctl_timeslice_period
    1c00            ___RAM_Address      
    1c00            ___begin_IDATA0     
    1c04 IDATA0     _ctl_time_increment 
    1c06 IDATA0     _ctl_libc_mutex     
    1c10 IDATA0     _powerState         
    1c12 IDATA0     _cmd_parse_list     
    1c16 IDATA0     _async_addr         
    1c18 IDATA0     _async_timer        
    1c1a IDATA0     _closed_event       
    1c1c IDATA0     _closed_flag        
    1c22 IDATA0     ___ungot            
    1c24 IDATA0     ___RAL_global_locale
    1c2e UDATA0     _sub_stack          
    1c2e            ___end_IDATA0       
    1c2e            ___begin_UDATA0     
    23fe UDATA0     _sys_stack          
    2bce UDATA0     _terminal_stack     
    3b6e UDATA0     _sys_task           
    3b8a UDATA0     _sub_task           
    3ba6 UDATA0     _terminal_task      
    3bc2 UDATA0     _SYS_evt            
    3bc4 UDATA0     _ctl_task_switch_callout
    3bc6 UDATA0     _ctl_last_schedule_time
    3bca UDATA0     _ctl_current_time   
    3bce UDATA0     _ctl_reschedule_on_last_isr_exit
    3bcf UDATA0     _ctl_interrupt_count
    3bd0 UDATA0     _ctl_task_executing 
    3bd2 UDATA0     _ctl_task_list      
    3c56 UDATA0     _crc_mutex          
    3c5c UDATA0     _ticker_time        
    3c74 UDATA0     _helper_stack       
    3e68 UDATA0     _ARC_bus_helper_task
    3e84 UDATA0     _BUS_INT_events     
    3e86 UDATA0     _BUS_helper_events  
    3e88 UDATA0     _BUS_stack          
    4088 UDATA0     _ARC_bus_task       
    40a4 UDATA0     _idle_task          
    40c0 UDATA0     _SUB_events         
    40c2 UDATA0     _arcBus_stat        
    40e4 UDATA0     _I2C_rx_out         
    40e6 UDATA0     _I2C_rx_in          
    40e8 UDATA0     _I2C_rx_buf         
    4328 UDATA0     _DMA_events         
    472e UDATA0     _buffer_mutex       
    4734 UDATA0     _rxbuf              
    4860 UDATA0     _txbuf              
    4960 UDATA0     _async_rxQ          
    496e UDATA0     _async_txQ          
    497c UDATA0     _alarms             
    498c UDATA0     _saved_error        
    499c UDATA0     _next_idx           
    4f38 UDATA0     _UCA2_RxBuf         
    4fdc UDATA0     _UCA2_TxBuf         
    5082 UDATA0     ___user_format_extender
    5084            ___end_UDATA0       
    5084 THREAD     _BUS_thread_addr_flags
    5084            ___begin_THREAD     
    5088            ___end_THREAD       
    8000            ___RAM_Size         
    c000 ISR        ___thunk___putchar  
    c004 ISR        ___thunk_example_command
    c008 ISR        ___thunk_example_timer_IR
    c00c ISR        ___thunk_sub_events 
    c010 ISR        ___thunk_sys_events 
    c01c ISR        _bus_I2C_isr        
    c458 ISR        _bus_SPI_isr        
    c464 ISR        _bus_int            
    c51a ISR        _DMA_int            
    c560 ISR        _task_tick          
    c59a ISR        _bus_resend         
    c5e0 ISR        _SYS_NMI            
    c6ea ISR        ___thunk_err_decode_arcbus
    c6ee ISR        ___thunk_helpCmd    
    c6f2 ISR        ___thunk_terminal   
    c6f6 ISR        ___thunk_restCmd    
    c6fa ISR        ___thunk_timeCmd    
    c6fe ISR        ___thunk_txCmd      
    c702 ISR        ___thunk_spiCmd     
    c706 ISR        ___thunk_ARCsearch_Cmd
    c70a ISR        ___thunk_ARClib_version_Cmd
    c70e ISR        ___thunk_errReq_Cmd 
    c712 ISR        ___thunk_priorityCmd
    c716 ISR        ___thunk_timesliceCmd
    c71a ISR        ___thunk_statsCmd   
    c71e ISR        ___thunk_stackCmd   
    c722 ISR        ___thunk_replayCmd  
    c726 ISR        ___thunk_clearErrCmd
    c72a ISR        ___thunk_logCmd     
    c72e ISR        _UCA2_ISR           
    c79c ISR        ___thunk___RAL_ascii_mbtowc
    c7a0 ISR        ___thunk___RAL_ascii_wctomb
    c7e4 CONST      _cmd_tbl            
    cec9 CONST      _ARClib_version     
    cedc CONST      _ARClib_vstruct     
    cf1a CONST      thread_init_begin   
    cf1e CONST      thread_init_end     
    e2ca CONST      _busAddrSym         
    efd4 CONST      ___RAL_hex_uc       
    efe4 CONST      ___RAL_hex_lc       
    f00c CONST      ___RAL_ascii_ctype_map
    f09a CONST      ___RAL_codeset_ascii
    f0aa CONST      ___RAL_c_locale_day_names
    f0e4 CONST      ___RAL_c_locale_abbrev_day_names
    f101 CONST      ___RAL_c_locale_month_names
    f158 CONST      ___RAL_c_locale_abbrev_month_names
    f189 CONST      ___RAL_c_locale_am_pm_indicator
    f190 CONST      ___RAL_c_locale_date_format
    f199 CONST      ___RAL_c_locale_time_format
    f1a2 CONST      ___RAL_c_locale_date_time_format
    f1b1 CONST      ___RAL_data_utf8_period
    f1b3 CONST      ___RAL_data_empty_string
    f1b4 CONST      ___RAL_c_locale_data
    f1e6 CONST      ___RAL_c_locale     
    f1ee CONST      ___float32_nan      
    f1f2 CODE       ___putchar          
    f202 CODE       ___getchar          
    f208 CODE       _main               
    f2fa CODE       _example_command    
    f37e CODE       _example_timer_IR   
    f38c CODE       _sub_events         
    f41c CODE       _sys_events         
    f474 CODE       ___vfprintf         
    f474 CODE       ___vfprintf_float_long_long
   10790 CODE       _ctl_private_add_to_task_list
   107de CODE       _ctl_private_remove_from_task_list
   10818 CODE       _ctl_private_reschedule
   108f0 CODE       _ctl_task_init      
   1092c CODE       _ctl_task_run       
   109b8 CODE       _ctl_task_die       
   109e0 CODE       _ctl_task_set_priority
   10a1e CODE       _ctl_timeout_wait   
   10a60 CODE       _ctl_increment_tick_from_isr
   10ada CODE       _ctl_get_current_time
   10af2 CODE       ___printf_lock      
   10b0e CODE       ___printf_unlock    
   10b22 CODE       _ctl_events_init    
   10b36 CODE       _ctl_events_wait    
   10c32 CODE       _ctl_private_events_schedule
   10cb6 CODE       _ctl_events_set_clear
   10d16 CODE       _ctl_mutex_init     
   10d2e CODE       _ctl_mutex_lock_uc  
   10d42 CODE       _ctl_mutex_lock     
   10e46 CODE       _ctl_mutex_unlock   
   10f0c CODE       _ctl_byte_queue_init
   11054 CODE       _ctl_byte_queue_post_multi
   1112c CODE       _ctl_byte_queue_receive_multi
   111fa CODE       _ctl_byte_queue_post_multi_nb
   1126a CODE       _ctl_byte_queue_receive_multi_nb
   112da CODE       _ctl_byte_queue_post
   11308 CODE       _ctl_byte_queue_receive
   1132e CODE       _ctl_byte_queue_post_nb
   11348 CODE       _ctl_byte_queue_receive_nb
   1135c CODE       _ctl_private_get_stack_start
   11362 CODE       _ctl_private_get_thread_local_storage
   11368 CODE       _ctl_private_init_registers
   113ca CODE       _ctl_private_init_thread_local_storage
   113e0 CODE       ___RAL_read_tp      
   113ee CODE       _ctl_private_reschedule_from_api_call
   1140a CODE       _ctl_enter_isr      
   1143e CODE       _ctl_exit_isr       
   11476 CODE       _ctl_global_interrupts_set
   1148e CODE       _BUS_get_OA         
   1150a CODE       _BUS_flags_to_addr  
   11580 CODE       _BUS_addr_to_flags  
   115d6 CODE       _BUS_cmd_init       
   115f0 CODE       _BUS_OA_check       
   11626 CODE       _addr_chk           
   11652 CODE       _BUS_I2C_release    
   116ee CODE       _BUS_cmd_tx         
   11986 CODE       _BUS_SPI_txrx       
   11bf8 CODE       _crc7               
   11c2a CODE       _crc16              
   11c5e CODE       _get_ticker_time    
   11c76 CODE       _setget_ticker_time 
   11c9e CODE       _SPI_master_setup   
   11cb8 CODE       _SPI_slave_setup    
   11cd2 CODE       _SPI_deactivate     
   11ce2 CODE       _initCLK            
   11d2c CODE       _init_timerA        
   11d40 CODE       _start_timerA       
   11d48 CODE       _initSVS            
   11d9e CODE       _ARC_setup          
   11e32 CODE       _initARCbus         
   11f30 CODE       _readTA1            
   12a1a CODE       _mainLoop           
   12a64 CODE       _BUS_init_buffer    
   12a6e CODE       _BUS_get_buffer_size
   12a74 CODE       _BUS_get_buffer     
   12a9c CODE       _BUS_free_buffer    
   12aa6 CODE       _async_isOpen       
   12aac CODE       _async_open_remote  
   12b3e CODE       _async_close_remote 
   12b6c CODE       _async_send_data    
   12bd2 CODE       _BUS_free_alarm     
   12bea CODE       _BUS_timer_timeout_check
   12c3e CODE       _BUS_alarm_ticker_update
   12d46 CODE       _PMM_setVCoreUp     
   12e40 CODE       _PMM_setVCoreDown   
   12efa CODE       _PMM_setVCore       
   12f3a CODE       _ctl_handle_error   
   12f4c CODE       _err_decode_arcbus  
   13634 CODE       _BUS_error_str      
   13704 CODE       _BUS_cmdtostr       
   138b0 CODE       _BUS_cmd_resptostr  
   13936 CODE       _bus_flags_tostr    
   13956 CODE       _bus_version_err_tostr
   139d8 CODE       _reset_bor          
   13a0a CODE       _main_return        
   13a1e CODE       _startup_error_check
   13c66 CODE       _err_register_handler
   13d1e CODE       _error_init         
   13d40 CODE       _error_recording_start
   13ddc CODE       _set_error_level    
   13de8 CODE       _get_error_level    
   13dee CODE       __record_error      
   13e98 CODE       _record_error       
   13edc CODE       _ERR_lev_str        
   13f1a CODE       _err_do_decode      
   13fa2 CODE       _print_error        
   13ff0 CODE       _report_error       
   14030 CODE       _clear_saved_errors 
   14062 CODE       _error_log_mem_replay
   140e4 CODE       _error_log_replay   
   141a6 CODE       _make_args          
   14210 CODE       _helpCmd            
   142c2 CODE       _doCmd              
   14346 CODE       _hist_incr          
   14352 CODE       _hist_decr          
   1435e CODE       _terminal           
   14616 CODE       _I2C_addr_lookup    
   1465e CODE       _I2C_addr_revlookup 
   14696 CODE       _getI2C_addr        
   14760 CODE       _restCmd            
   14816 CODE       _timeCmd            
   1482c CODE       _txCmd              
   149aa CODE       _spiCmd             
   14abc CODE       _ARCsearch_Cmd      
   14b72 CODE       _ARClib_version_Cmd 
   14b84 CODE       _errReq_Cmd         
   14d44 CODE       _priorityCmd        
   14df8 CODE       _timesliceCmd       
   14e60 CODE       _stateName          
   14ee2 CODE       _statsCmd           
   14f44 CODE       _stackCmd           
   14f8e CODE       _parse_log_level    
   15068 CODE       _replayCmd          
   150f4 CODE       _clearErrCmd        
   15118 CODE       _logCmd             
   1519e CODE       _SD_error_str       
   153ac CODE       _UCA2_init_UART     
   15488 CODE       _UCA2_TxChar        
   154c4 CODE       _UCA2_Getc          
   154e0 CODE       ___int32_mul        
   15502 CODE       ___int16_div        
   15528 CODE       ___int16_mod        
   1554e CODE       ___int16_mul        
   15564 CODE       ___int64_lsl        
   15576 CODE       ___int64_lsr        
   155d6 CODE       ___uint64_mod       
   155f6 CODE       ___uint16_div       
   1560e CODE       ___uint16_mod       
   15616 CODE       ___uint64_div       
   1563e CODE       ___uint64_divmod    
   1567a CODE       ___digit            
   156c0 CODE       ___RAL_pow10        
   15716 CODE       ___strtoul          
   15834 CODE       ___putc             
   1587e CODE       ___RAL_print_padding
   1589c CODE       ___RAL_pre_padding  
   158c6 CODE       _abs                
   158d6 CODE       _atoi               
   158fc CODE       _atol               
   15926 CODE       ___RAL_isctype      
   15944 CODE       _isupper            
   15956 CODE       _islower            
   15968 CODE       _isdigit            
   15978 CODE       _isspace            
   15988 CODE       _iscntrl            
   1599a CODE       ___errno            
   159a4 CODE       _getchar            
   159c2 CODE       ___RAL_global_locale_category
   15a92 CODE       _printf             
   15ace CODE       _puts               
   15b08 CODE       _sprintf            
   15b38 CODE       _strcmp             
   15b58 CODE       _strcpy             
   15b6e CODE       _strncmp            
   15b9c CODE       _strlcpy            
   15be0 CODE       _strnlen            
   15bfa CODE       _strtol             
   15ca6 CODE       _strtoul            
   15d5a CODE       ___RAL_init_mbstate 
   15d68 CODE       ___RAL_ascii_mbtowc 
   15dae CODE       ___RAL_ascii_wctomb 
   15dd6 CODE       _memcpy             
   15de6 CODE       _memset             
   15df6 CODE       _strlen             
   15e06 CODE       ___float32_isinf    
   15e20 CODE       ___float32_isnan    
   15e38 CODE       ___float32_signbit  
   15e48 CODE       ___uint64_to_float32
   15f6c CODE       ___float32_to_int64 
   1601e CODE       ___float32_add      
   16110 CODE       ___float32_sub      
   1611c CODE       ___float32_mul      
   161f4 CODE       ___float32_div      
   162b2 CODE       ___float32_lt       
   162ce CODE       ___float32_eq       
   162de CODE       _modff              
   16374 CODE       _floorf             
   16374 CODE       _floor              
   16444 CODE       _fmodf              
   16444 CODE       _fmod               
   165b6 CODE       _fabsf              
   165bc CODE       _ldexp              
   165f8 CODE       _frexp              
